F/NetworkStats( 1590): problem reading network stats
F/NetworkStats( 1590): java.lang.IllegalStateException: problem parsing idx 1
F/NetworkStats( 1590): 	at com.android.internal.net.NetworkStatsFactory.readNetworkStatsDetail(NetworkStatsFactory.java:300)
F/NetworkStats( 1590): 	at com.android.server.NetworkManagementService.getNetworkStatsUidDetail(NetworkManagementService.java:1282)
F/NetworkStats( 1590): 	at com.android.server.net.NetworkStatsService.performPollLocked(NetworkStatsService.java:831)
F/NetworkStats( 1590): 	at com.android.server.net.NetworkStatsService.updateIfacesLocked(NetworkStatsService.java:743)
F/NetworkStats( 1590): 	at com.android.server.net.NetworkStatsService.updateIfaces(NetworkStatsService.java:721)
F/NetworkStats( 1590): 	at com.android.server.net.NetworkStatsService.access$000(NetworkStatsService.java:128)
F/NetworkStats( 1590): 	at com.android.server.net.NetworkStatsService$8.handleMessage(NetworkStatsService.java:1633)
F/NetworkStats( 1590): 	at android.os.Handler.dispatchMessage(Handler.java:95)
F/NetworkStats( 1590): 	at android.os.Looper.loop(Looper.java:137)
F/NetworkStats( 1590): 	at android.os.HandlerThread.run(HandlerThread.java:60)
F/NetworkStats( 1590): Caused by: java.io.FileNotFoundException: /proc/net/xt_qtaguid/stats: open failed: ENOENT (No such file or directory)
F/NetworkStats( 1590): 	at libcore.io.IoBridge.open(IoBridge.java:406)
F/NetworkStats( 1590): 	at java.io.FileInputStream.<init>(FileInputStream.java:78)
F/NetworkStats( 1590): 	at com.android.internal.net.NetworkStatsFactory.readNetworkStatsDetail(NetworkStatsFactory.java:269)
F/NetworkStats( 1590): 	... 9 more
F/NetworkStats( 1590): Caused by: libcore.io.ErrnoException: open failed: ENOENT (No such file or directory)
F/NetworkStats( 1590): 	at libcore.io.Posix.open(Native Method)
F/NetworkStats( 1590): 	at libcore.io.BlockGuardOs.open(BlockGuardOs.java:110)
F/NetworkStats( 1590): 	at libcore.io.IoBridge.open(IoBridge.java:390)
F/NetworkStats( 1590): 	... 11 more
D/ExchangeService( 2132): !!! EAS ExchangeService, onCreate
D/Eas Debug( 2132): Logging: 
D/dalvikvm( 1803): GC_CONCURRENT freed 523K, 6% free 11751K/12487K, paused 5ms+2ms
I/dalvikvm( 2156): Turning on JNI app bug workarounds for target SDK version 10...
D/dalvikvm( 1422): GC_EXPLICIT freed 36K, 5% free 9082K/9475K, paused 2ms+2ms
D/ExchangeService( 2132): !!! EAS ExchangeService, onStartCommand, startingUp = false, running = false
I/ActivityManager( 1590): Start proc com.motorola.process.system for broadcast com.motorola.android.extdispservice/.ExtDispBootIntentReceiver: pid=2156 uid=1000 gids={1015, 3002, 3001, 3003}
D/ExchangeService( 2132): !!! EAS ExchangeService, onStartCommand, startingUp = true, running = false
D/ExchangeService( 2132): !!! EAS ExchangeService, onCreate
D/ExchangeService( 2132): !!! EAS ExchangeService, onStartCommand, startingUp = true, running = false
D/dalvikvm( 1422): GC_EXPLICIT freed <1K, 5% free 9082K/9475K, paused 2ms+2ms
D/ExchangeService( 2132): Received deviceId from Email app: androidc49761043
D/ExchangeService( 2132): Reconciling accounts...
D/ExchangeService( 2132): !!! EAS ExchangeService, onStartCommand, startingUp = true, running = false
D/dalvikvm( 1422): GC_EXPLICIT freed <1K, 5% free 9082K/9475K, paused 1ms+1ms
D/Eas Debug( 2132): Logging: 
D/ExtDispBootIntentReceiver( 2156): onReceive: ACTION_BOOT_COMPLETED
I/dalvikvm( 1788): Could not find method android.telephony.TelephonyManager.isDormancyRejected, referenced from method com.motorola.fastdormancy.FastDormancyService.shouldDoFastDormancy
W/dalvikvm( 1788): VFY: unable to resolve static method 30: Landroid/telephony/TelephonyManager;.isDormancyRejected ()Z
D/dalvikvm( 1788): VFY: replacing opcode 0x71 at 0x0062
D/FastDormancy( 1788): mccMnc[0]=310410
D/FastDormancy( 1788): fdPollInterval[0]=3000
D/ExtDispService( 2156): onCreate() is called.
D/ExtDispJni( 2156): Try to load libextdisp.so
E/ExtDispJni( 2156): Could not load libextdisp.so
W/dalvikvm( 2156): No implementation found for native Lcom/motorola/android/extdispservice/ExtDispJni;.nativeInit (Ljava/lang/Object;)I
D/AndroidRuntime( 2156): Shutting down VM
W/dalvikvm( 2156): threadid=1: thread exiting with uncaught exception (group=0x409da1f8)
E/AndroidRuntime( 2156): FATAL EXCEPTION: main
E/AndroidRuntime( 2156): java.lang.UnsatisfiedLinkError: nativeInit
E/AndroidRuntime( 2156): 	at com.motorola.android.extdispservice.ExtDispJni.nativeInit(Native Method)
E/AndroidRuntime( 2156): 	at com.motorola.android.extdispservice.ExtDispJni.initialize(ExtDispJni.java:55)
E/AndroidRuntime( 2156): 	at com.motorola.android.extdispservice.ExtDispService.onCreate(ExtDispService.java:219)
E/AndroidRuntime( 2156): 	at android.app.ActivityThread.handleCreateService(ActivityThread.java:2253)
E/AndroidRuntime( 2156): 	at android.app.ActivityThread.access$1600(ActivityThread.java:123)
E/AndroidRuntime( 2156): 	at android.app.ActivityThread$H.handleMessage(ActivityThread.java:1201)
E/AndroidRuntime( 2156): 	at android.os.Handler.dispatchMessage(Handler.java:99)
E/AndroidRuntime( 2156): 	at android.os.Looper.loop(Looper.java:137)
E/AndroidRuntime( 2156): 	at android.app.ActivityThread.main(ActivityThread.java:4424)
E/AndroidRuntime( 2156): 	at java.lang.reflect.Method.invokeNative(Native Method)
E/AndroidRuntime( 2156): 	at java.lang.reflect.Method.invoke(Method.java:511)
E/AndroidRuntime( 2156): 	at com.android.internal.os.ZygoteInit$MethodAndArgsCaller.run(ZygoteInit.java:787)
E/AndroidRuntime( 2156): 	at com.android.internal.os.ZygoteInit.main(ZygoteInit.java:554)
E/AndroidRuntime( 2156): 	at dalvik.system.NativeStart.main(Native Method)
I/ActivityManager( 1590): Start proc com.android.mms for broadcast com.android.mms/.transaction.MmsSystemEventReceiver: pid=2183 uid=10026 gids={3003, 1015}
D/dalvikvm( 1590): GC_CONCURRENT freed 878K, 8% free 13232K/14343K, paused 3ms+5ms
I/ActivityThread( 2183): Pub mms_temp_file: com.android.mms.TempFileProvider
I/ActivityThread( 2183): Pub com.android.mms.SuggestionsProvider: com.android.mms.SuggestionsProvider
I/ActivityThread( 2183): Pub com.android.cm.mms: com.android.mms.templates.TemplatesProvider
V/MmsConfig( 2183): mnc/mcc: 46003
V/MmsConfig( 2183): tag: bool value: enabledMMS - true
V/MmsConfig( 2183): tag: int value: maxMessageSize - 307200
V/MmsConfig( 2183): tag: int value: maxImageHeight - 480
V/MmsConfig( 2183): tag: int value: maxImageWidth - 640
V/MmsConfig( 2183): tag: int value: defaultSMSMessagesPerThread - 500
V/MmsConfig( 2183): tag: int value: defaultMMSMessagesPerThread - 50
V/MmsConfig( 2183): tag: int value: minMessageCountPerThread - 10
V/MmsConfig( 2183): tag: int value: maxMessageCountPerThread - 5000
V/MmsConfig( 2183): tag: string value: uaProfUrl - http://www.google.com/oha/rdf/ua-profile-kila.xml
V/MmsConfig( 2183): tag: int value: recipientLimit - -1
V/MmsConfig( 2183): tag: int value: smsToMmsTextThreshold - 4
V/MmsConfig( 2183): tag: bool value: enableMultipartSMS - true
V/MmsConfig( 2183): tag: bool value: enableSlideDuration - true
V/MmsConfig( 2183): tag: int value: maxMessageTextSize - -1
D/ExchangeService( 2132): !!! EAS ExchangeService, onStartCommand, startingUp = true, running = false
D/dalvikvm( 2114): GC_CONCURRENT freed 260K, 5% free 9300K/9735K, paused 3ms+3ms
D/MmsSmsDatabaseHelper( 1788): [MmsSmsDb] tableName: threads hasAutoIncrement: CREATE TABLE threads (_id INTEGER PRIMARY KEY AUTOINCREMENT,date INTEGER DEFAULT 0,message_count INTEGER DEFAULT 0,recipient_ids TEXT,snippet TEXT,snippet_cs INTEGER DEFAULT 0,read INTEGER DEFAULT 1,type INTEGER DEFAULT 0,error INTEGER DEFAULT 0,has_attachment INTEGER DEFAULT 0) result: true
D/MmsSmsDatabaseHelper( 1788): [MmsSmsDb] tableName: canonical_addresses hasAutoIncrement: CREATE TABLE canonical_addresses (_id INTEGER PRIMARY KEY AUTOINCREMENT,address TEXT) result: true
D/MmsSmsDatabaseHelper( 1788): [getWritableDatabase] hasAutoIncrementThreads: true hasAutoIncrementAddresses: true
D/dalvikvm( 1713): GC_CONCURRENT freed 220K, 5% free 9263K/9671K, paused 5ms+2ms
D/dalvikvm( 1788): GC_CONCURRENT freed 455K, 7% free 9591K/10247K, paused 1ms+2ms
D/CountryDetectorService( 1590): The first listener is added
D/dalvikvm( 2183): GC_CONCURRENT freed 354K, 6% free 9223K/9735K, paused 2ms+1ms
W/ActivityManager( 1590): Permission Denial: receiving Intent { act=android.intent.action.BOOT_COMPLETED flg=0x10 } to com.android.musicfx requires android.permission.RECEIVE_BOOT_COMPLETED due to sender null (uid 1000)
I/ActivityManager( 1590): Start proc com.google.android.talk for broadcast com.google.android.talk/.videochat.BootCompleteReceiver: pid=2209 uid=10036 gids={3003, 1015, 1006, 3002}
D/libgps  ( 1590): GpsXtraInterface_inject_xtra_data( 0x4171C5B8, 38490 )
D/rdsutil ( 1590): rds_file_open( xtra.bin ) = 0
I/ActivityThread( 2209): Pub com.google.android.talk.SuggestionProvider: com.google.android.talk.SuggestionsProvider
D/vclib:CallStateClient( 2209): startListening
I/talk    ( 2209): Refresh the supporeted camera state
W/ActivityManager( 1590): Permission Denial: receiving Intent { act=android.intent.action.BOOT_COMPLETED flg=0x10 } to com.koushikdutta.rommanager requires android.permission.RECEIVE_BOOT_COMPLETED due to sender null (uid 1000)
D/dalvikvm( 2209): GC_CONCURRENT freed 188K, 4% free 9387K/9735K, paused 2ms+1ms
I/BootReceiver( 1737): Restore disabled by user preference.
D/dalvikvm( 1699): GC_CONCURRENT freed 384K, 8% free 9710K/10503K, paused 1ms+3ms
D/dalvikvm( 1737): GC_CONCURRENT freed 174K, 4% free 9292K/9671K, paused 1ms+3ms
D/CAT     ( 1788): StkAppService$ServiceHandler: OP_BOOT_COMPLETED
I/        ( 1514): odm_disp_cabc_thread running
I/        ( 1514): odm_disp_cabc_thread is restarting err_cnt=2
I/ActivityManager( 1590): Start proc com.cyanogenmod.settings.device for broadcast com.cyanogenmod.settings.device/.OnBoot: pid=2233 uid=1000 gids={1015, 3002, 3001, 3003}
D/dalvikvm( 1590): GC_FOR_ALLOC freed 363K, 8% free 13308K/14407K, paused 46ms
V/CameraHAL( 1424): CameraHAL_GetCam_Info:
V/NvOmxCamera( 1424): HAL_getCameraInfo ++
D/CameraHAL( 1424): CameraHAL_GetCam_Info: id:0 faceing:0 orientation: 90
V/CameraHAL( 1424): CameraHAL_GetCam_Info:
V/NvOmxCamera( 1424): HAL_getCameraInfo ++
D/CameraHAL( 1424): CameraHAL_GetCam_Info: id:1 faceing:1 orientation: 270
I/talk    ( 2209): supported front camera true
D/dalvikvm( 1590): GC_FOR_ALLOC freed 123K, 9% free 13309K/14535K, paused 40ms
I/dalvikvm-heap( 1590): Grow heap (frag case) to 13.269MB for 128638-byte allocation
D/dalvikvm( 1590): GC_FOR_ALLOC freed 86K, 9% free 13349K/14663K, paused 41ms
D/Smack   ( 1699): [SSLXMPPConnection@1094728480] create socket connection(mtalk.google.com, 5228)
I/ActivityManager( 1590): Start proc com.noshufou.android.su for broadcast com.noshufou.android.su/.UpdatePermissionsReceiver: pid=2253 uid=10043 gids={3003, 1015}
I/dalvikvm( 2253): Turning on JNI app bug workarounds for target SDK version 11...
D/dalvikvm( 1699): GC_CONCURRENT freed 366K, 8% free 9728K/10503K, paused 2ms+1ms
I/ActivityThread( 2253): Pub com.noshufou.android.su.provider: com.noshufou.android.su.provider.PermissionsProvider
D/Su.Util ( 2253): Start PermissionsDbService
D/Su.PermissionsDbService( 2253): onHandleIntent()
D/UsbReceiver( 1662): onReceive(), received intent -- android.intent.action.BOOT_COMPLETED
D/MotUsbService( 1662): onCreate()
D/Su.PermissionsDbService( 2253): permissions.sqlite opened
I/ActivityManager( 1590): Start proc com.android.voicedialer for broadcast com.android.voicedialer/.VoiceDialerReceiver: pid=2270 uid=10048 gids={3002}
D/Su.PermissionsDbService( 2253): got cursor from su.db
D/Su.PermissionsDbService( 2253): row 2 dirty, handle it
D/Su.PermissionsDbService( 2253): closing permissions.sqlite
D/MotUsbService( 1662): -------------------------自定义界面
I/usbd    ( 1504): main(): get event from usbd server fd
I/usbd    ( 1504): main(): usbd_save_socket_fd ...
I/usbd    ( 1504): usbd_send_adb_status(): Send ADB Enable message
I/usbd    ( 1504): usbd_notify_current_status(): Notifying App with Current Status : usb_enumerated 
D/UsbListener( 1662): handleEvent: usbd_adb_status_on
D/UsbListener( 1662): handleEvent: usb_enumerated
D/MotUsbService( 1662): usb state file location : 
D/MotUsbService( 1662): handleAdbStateChange(true)
D/MotUsbService( 1662): handleUsbCableEnumerate()
D/MotUsbService( 1662): handleUsbEvent(), Received event: 1, current state: 0
D/UsbSettings( 1662): USB mode (UI) : 2
D/MotUsbService( 1662): Idle state, receive USB_CABLE_ENUMERATE_EVENT.
D/dalvikvm( 2253): GC_CONCURRENT freed 335K, 6% free 9204K/9735K, paused 3ms+5ms
D/Smack   ( 1699): [SSLXMPPConnection@1094728480] connected to mtalk.google.com, 5228
D/dalvikvm( 1699): GC_CONCURRENT freed 308K, 7% free 9861K/10503K, paused 2ms+2ms
V/SystemUpdateService( 1699): onStartCommand: launching task
V/SystemUpdateService( 1699): UpdateTask.doInBackground
D/dalvikvm( 1699): GC_FOR_ALLOC freed 116K, 7% free 9924K/10567K, paused 13ms
I/SystemUpdateService( 1699): checking for post-install intent
I/SystemUpdateService( 1699): cancelUpdate (empty URL)
I/SystemUpdateService( 1699): cancelUpdate
I/SystemUpdateService( 1699): removeAllDownloads (cancelUpdate)
I/SystemUpdate.Download( 1699): removeAllDownloads
D/StatsUploadService( 1699): Upload disabled
I/ActivityManager( 1590): Start proc com.google.android.apps.genie.geniewidget for broadcast com.google.android.apps.genie.geniewidget/.miniwidget.MiniWidgetProvider: pid=2299 uid=10056 gids={3003, 1015}
I/dalvikvm( 2299): Turning on JNI app bug workarounds for target SDK version 11...
D/dalvikvm( 1590): GC_FOR_ALLOC freed 144K, 9% free 13369K/14663K, paused 45ms
I/dalvikvm-heap( 1590): Grow heap (frag case) to 13.388MB for 192952-byte allocation
D/dalvikvm( 1590): GC_FOR_ALLOC freed 128K, 10% free 13429K/14855K, paused 38ms
I/ActivityManager( 1590): START {flg=0x10000000 cmp=com.google.android.gsf/.update.SystemUpdateInstallDialog} from pid 1699
D/PermissionCache( 1421): checking android.permission.READ_FRAME_BUFFER for uid=1000 => granted (1022 us)
D/dalvikvm( 1590): GC_FOR_ALLOC freed 199K, 10% free 13449K/14855K, paused 39ms
W/NetworkManagementSocketTagger( 1590): setKernelCountSet(10054, 1) failed with errno -2
I/ActivityManager( 1590): START {flg=0x10000000 cmp=com.google.android.gsf/.update.SystemUpdateDownloadDialog} from pid 1699
V/SystemUpdateService( 1699): onPostExecute: false
V/SystemUpdateService( 1699): shutting down service
I/ActivityThread( 2299): Pub com.google.android.apps.genie.geniewidget.weather: com.google.android.apps.genie.geniewidget.providers.WeatherProvider
I/ActivityThread( 2299): Pub com.google.android.apps.genie.geniewidget.newsimage: com.google.android.apps.genie.geniewidget.providers.NewsImageProvider
I/ActivityManager( 1590): Displayed com.cyanogenmod.trebuchet/.Launcher: +9s468ms
W/NetworkManagementSocketTagger( 1590): setKernelCountSet(10054, 0) failed with errno -2
I/ActivityManager( 1590): No longer want com.google.android.gsf.login (pid 1683): hidden #16
D/Smack   ( 1699): [SSLXMPPConnection@1094728480] [XMPPConn] login: got servicename from response: mcs.android.com
D/Smack   ( 1699): [SSLXMPPConnection@1094728480] [XMPPConn] login: authenticated
D/dalvikvm( 1699): GC_CONCURRENT freed 503K, 7% free 9871K/10567K, paused 2ms+3ms
W/Genie   ( 2299): Cache file not found: java.io.FileNotFoundException: /data/data/com.google.android.apps.genie.geniewidget/cache/genie_masfcache: open failed: ENOENT (No such file or directory)
W/Genie   ( 2299): Cache file not found: java.io.FileNotFoundException: /data/data/com.google.android.apps.genie.geniewidget/cache/genie_iconcache: open failed: ENOENT (No such file or directory)
D/dalvikvm( 2299): GC_CONCURRENT freed 348K, 6% free 9235K/9735K, paused 4ms+2ms
W/CursorWrapperInner( 2299): Cursor finalized without prior close()
W/CursorWrapperInner( 2299): Cursor finalized without prior close()
I/ActivityManager( 1590): Start proc com.google.android.gm for broadcast com.google.android.gm/.MailIntentReceiver: pid=2328 uid=10063 gids={3003, 1015}
I/ActivityManager( 1590): No longer want com.google.android.partnersetup (pid 1935): hidden #16
I/ActivityThread( 2328): Pub gmail-ls: com.google.android.gm.provider.MailProvider
I/ActivityThread( 2328): Pub com.google.android.gmail.SuggestionProvider: com.google.android.gm.SuggestionsProvider
D/dalvikvm( 1590): GC_FOR_ALLOC freed 725K, 11% free 13315K/14855K, paused 55ms
I/ActivityManager( 1590): No longer want android.process.acore (pid 1910): hidden #16
I/ActivityManager( 1590): Start proc com.google.android.onetimeinitializer for broadcast com.google.android.onetimeinitializer/.OneTimeInitializerReceiver: pid=2349 uid=10064 gids={}
I/ActivityManager( 1590): Start proc com.google.android.gsf.login for service com.google.android.gsf.login/com.google.android.gsf.loginservice.GoogleLoginService: pid=2363 uid=10054 gids={3003, 1015, 1007, 2001, 3006}
V/OneTimeInitializerReceiver( 2349): OneTimeInitializerReceiver.onReceive
V/OneTimeService( 2349): OneTimeService.onHandleIntent
I/ActivityManager( 1590): Start proc com.google.android.partnersetup for broadcast com.google.android.partnersetup/.GooglePartnerSetup: pid=2378 uid=10065 gids={3003}
I/ActivityManager( 1590): No longer want com.android.contacts (pid 2027): hidden #16
D/dalvikvm( 1590): GC_EXPLICIT freed 148K, 11% free 13250K/14855K, paused 3ms+4ms
I/ActivityThread( 2378): Pub com.google.android.partnersetup.rlzprovider: com.google.android.partnersetup.RlzProvider
I/ActivityThread( 2378): Pub com.google.android.partnersetup.rlzappprovider: com.google.android.partnersetup.RlzAppProvider
D/dalvikvm( 2378): GC_CONCURRENT freed 351K, 6% free 9173K/9735K, paused 1ms+2ms
I/dalvikvm( 2400): Turning on JNI app bug workarounds for target SDK version 8...
I/ActivityManager( 1590): Start proc com.tencent.mobileqq:sc for broadcast com.tencent.mobileqq/com.tencent.sc.app.QCBroadcastReceiver: pid=2400 uid=10069 gids={3003, 1006, 1015}
D/dalvikvm( 1422): GC_EXPLICIT freed 38K, 5% free 9082K/9475K, paused 2ms+2ms
D/dalvikvm( 1422): GC_EXPLICIT freed <1K, 5% free 9082K/9475K, paused 1ms+2ms
D/ConnectivityService( 1590): handleInetConditionHoldEnd: net=1, condition=100, published condition=0
D/dalvikvm( 1422): GC_EXPLICIT freed <1K, 5% free 9082K/9475K, paused 2ms+2ms
I/RlzPingService( 2378): Setting next ping for 1329844486844
D/dalvikvm( 2400): GC_CONCURRENT freed 174K, 4% free 9413K/9735K, paused 3ms+1ms
I/ActivityManager( 1590): No longer want com.cyanogenmod.stats (pid 2074): hidden #16
D/dalvikvm( 2328): GC_CONCURRENT freed 262K, 5% free 9301K/9735K, paused 4ms+2ms
I/Gmail   ( 2328): calculateUnknownSyncRationalesAndPurgeInBackground: queueing
I/Gmail   ( 2328): Sending notification intent: Intent { act=android.intent.action.PROVIDER_CHANGED dat=content://gmail-ls/unread/^iim (has extras) }
I/Gmail   ( 2328): calculateUnknownSyncRationalesAndPurgeInBackground: queueing
I/Gmail   ( 2328): Sending notification intent: Intent { act=android.intent.action.PROVIDER_CHANGED dat=content://gmail-ls/unread/^i (has extras) }
I/ActivityManager( 1590): No longer want com.android.deskclock (pid 1954): hidden #16
I/Gmail   ( 2328): calculateUnknownSyncRationalesAndPurgeInBackground: running
I/Gmail   ( 2328): calculateUnknownSyncRationalesAndPurgeInBackground: running
I/ActivityThread( 2400): Pub qc.friendfeed: com.tencent.sc.content.FriendFeedProvider
I/ActivityThread( 2400): Pub qc.profile: com.tencent.sc.content.ProfileProvider
I/ActivityThread( 2400): Pub qc.remindfeed: com.tencent.sc.content.RemindFeedProvider
I/ActivityThread( 2400): Pub qc.messagerecord: com.tencent.sc.content.MessageRecordProvider
D/dalvikvm( 2400): Trying to load lib /data/data/com.tencent.mobileqq/lib/libcodecwrapper.so 0x412e1d30
D/dalvikvm( 2400): Added shared lib /data/data/com.tencent.mobileqq/lib/libcodecwrapper.so 0x412e1d30
D/dalvikvm( 2400): Trying to load lib /data/data/com.tencent.mobileqq/lib/libmsfboot.so 0x412e1d30
I/ActivityManager( 1590): Start proc com.tencent.mobileqq for service com.tencent.mobileqq/.service.MobileQQService: pid=2418 uid=10069 gids={3003, 1006, 1015}
D/dalvikvm( 2400): Added shared lib /data/data/com.tencent.mobileqq/lib/libmsfboot.so 0x412e1d30
I/dalvikvm( 2418): Turning on JNI app bug workarounds for target SDK version 8...
I/ActivityManager( 1590): No longer want com.android.providers.calendar (pid 2091): hidden #16
D/dalvikvm( 2418): GC_CONCURRENT freed 149K, 4% free 9438K/9735K, paused 2ms+2ms
D/dalvikvm( 2400): GC_CONCURRENT freed 274K, 5% free 9594K/10055K, paused 2ms+2ms
I/ActivityThread( 2418): Pub qq.message: com.tencent.mobileqq.content.MessageProvider
I/ActivityThread( 2418): Pub qq.friendlist: com.tencent.mobileqq.content.FriendListProvider
I/ActivityThread( 2418): Pub qq.profile: com.tencent.mobileqq.content.ProfileProvider
D/dalvikvm( 2418): Trying to load lib /data/data/com.tencent.mobileqq/lib/libcodecwrapper.so 0x412d8890
D/dalvikvm( 2418): Added shared lib /data/data/com.tencent.mobileqq/lib/libcodecwrapper.so 0x412d8890
D/dalvikvm( 2418): Trying to load lib /data/data/com.tencent.mobileqq/lib/libmsfboot.so 0x412d8890
D/dalvikvm( 2418): Added shared lib /data/data/com.tencent.mobileqq/lib/libmsfboot.so 0x412d8890
I/ActivityManager( 1590): Start proc com.google.android.apps.maps:FriendService for broadcast com.google.android.apps.maps/com.google.googlenav.friend.android.ServiceReceiver: pid=2439 uid=10071 gids={3003, 1015}
I/dalvikvm( 2439): Turning on JNI app bug workarounds for target SDK version 13...
D/AudioHardwareMot( 1424): bufSize = 8192
D/dalvikvm( 2439): GC_CONCURRENT freed 155K, 4% free 9431K/9735K, paused 2ms+1ms
D/dalvikvm( 2418): GC_CONCURRENT freed 280K, 5% free 9617K/10055K, paused 2ms+2ms
E/CursorWindow( 2418): Failed to read row 0, column -1 from a CursorWindow which has 5 rows, 1 columns.
E/CursorWindow( 2418): Failed to read row 1, column -1 from a CursorWindow which has 5 rows, 1 columns.
E/CursorWindow( 2418): Failed to read row 2, column -1 from a CursorWindow which has 5 rows, 1 columns.
E/CursorWindow( 2418): Failed to read row 3, column -1 from a CursorWindow which has 5 rows, 1 columns.
E/CursorWindow( 2418): Failed to read row 4, column -1 from a CursorWindow which has 5 rows, 1 columns.
D/dalvikvm( 2418): GC_CONCURRENT freed 178K, 4% free 9910K/10311K, paused 2ms+2ms
D/dalvikvm( 2418): GC_CONCURRENT freed 181K, 4% free 10235K/10631K, paused 2ms+3ms
D/*GIPS*  ( 2418): Loading GIPSVEAndroidJavaWrapper...
D/dalvikvm( 2418): Trying to load lib /data/data/com.tencent.mobileqq/lib/libVideoCtrl.so 0x412d8890
D/dalvikvm( 2418): Added shared lib /data/data/com.tencent.mobileqq/lib/libVideoCtrl.so 0x412d8890
D/*GIPS*  ( 2418): Loading GIPSVEAndroidJavaWrapper Succeed...
D/dalvikvm( 2439): GC_CONCURRENT freed 123K, 3% free 9766K/10055K, paused 1ms+3ms
I/ActivityManager( 1590): Start proc com.google.android.apps.maps:NetworkLocationService for service com.google.android.apps.maps/com.google.android.location.internal.server.NetworkLocationService: pid=2464 uid=10071 gids={3003, 1015}
D/dalvikvm( 2418): GC_CONCURRENT freed 172K, 4% free 10554K/10951K, paused 1ms+3ms
I/dalvikvm( 2464): Turning on JNI app bug workarounds for target SDK version 13...
I/ActivityManager( 1590): Start proc com.android.deskclock for broadcast com.android.deskclock/com.android.alarmclock.AnalogAppWidgetProvider: pid=2477 uid=10013 gids={}
I/ActivityManager( 1590): No longer want com.android.exchange (pid 2132): hidden #16
I/ActivityThread( 2477): Pub com.android.deskclock: com.android.deskclock.AlarmProvider
I/ActivityManager( 1590): No longer want com.android.email (pid 2114): hidden #16
I/ActivityManager( 1590): Start proc com.android.calendar for broadcast com.android.calendar/.widget.CalendarAppWidgetService$CalendarFactory: pid=2490 uid=10007 gids={3003}
D/dalvikvm( 2464): GC_CONCURRENT freed 158K, 4% free 9429K/9735K, paused 4ms+1ms
D/dalvikvm( 2418): Trying to load lib /data/data/com.tencent.mobileqq/lib/liblbs.so 0x412d8890
D/dalvikvm( 2418): Added shared lib /data/data/com.tencent.mobileqq/lib/liblbs.so 0x412d8890
D/dalvikvm( 2418): No JNI_OnLoad found in /data/data/com.tencent.mobileqq/lib/liblbs.so 0x412d8890, skipping init
D/dalvikvm( 2418): Trying to load lib /data/data/com.tencent.mobileqq/lib/libVideoCtrl.so 0x412d8890
D/dalvikvm( 2418): Shared lib '/data/data/com.tencent.mobileqq/lib/libVideoCtrl.so' already loaded in same CL 0x412d8890
I/ActivityThread( 2490): Pub com.android.calendar.CalendarRecentSuggestionsProvider: com.android.calendar.CalendarRecentSuggestionsProvider
I/ActivityManager( 1590): Start proc com.android.providers.calendar for content provider com.android.providers.calendar/.CalendarProvider2: pid=2512 uid=10008 gids={3003, 1015}
I/ActivityManager( 1590): No longer want com.android.mms (pid 2183): hidden #16
D/CountryDetectorService( 1590): No listener is left
I/ActivityThread( 2512): Pub com.android.calendar: com.android.providers.calendar.CalendarProvider2
D/dalvikvm( 2464): GC_CONCURRENT freed 180K, 4% free 9789K/10119K, paused 2ms+2ms
V/AlarmClock( 2477): AlarmInitReceiver finished
D/StatsUploadService( 1699): Upload disabled
I/ActivityManager( 1590): Start proc com.tencent.qq for broadcast com.tencent.qq/.HippoStartupIntentReceiver: pid=2534 uid=10067 gids={3003, 1006, 1015}
I/dalvikvm( 2534): Turning on JNI app bug workarounds for target SDK version 3...
I/ActivityManager( 1590): No longer want com.google.android.talk (pid 2209): hidden #16
D/dalvikvm( 2464): GC_CONCURRENT freed 173K, 4% free 10178K/10503K, paused 1ms+2ms
I/ActivityThread( 2534): Pub com.tencent.qq.SearchContentProvider: com.tencent.qq.SearchContentProvider
D/MediaScannerReceiver( 1713): action: android.intent.action.MEDIA_MOUNTED path: /mnt/sdcard
D/dalvikvm( 2464): GC_CONCURRENT freed 696K, 9% free 9919K/10823K, paused 2ms+1ms
I/ActivityManager( 1590): Start proc com.google.android.apps.uploader for broadcast com.google.android.apps.uploader/.ConnectivityBroadcastReceiver: pid=2553 uid=10050 gids={3003}
I/dalvikvm( 2553): Turning on JNI app bug workarounds for target SDK version 11...
I/ActivityThread( 2553): Pub com.google.android.apps.uploader: com.google.android.apps.uploader.UploadsContentProvider
I/ActivityThread( 2553): Pub com.google.photos.provider.Album: com.google.android.apps.uploader.clients.picasa.AlbumProvider
D/MediaUploader( 2553): UploaderApplication.onCreate
D/MediaUploader( 2553): nonWifiLimit=20971520, default=20971520
I/MediaUploader( 2553): No need to wake up
V/AlarmClock( 2477): AlarmInitReceiver finished
D/MediaScannerReceiver( 1713): action: android.intent.action.MEDIA_MOUNTED path: /mnt/sdcard-ext
I/MediaUploader( 2553): No need to wake up
I/ActivityManager( 1590): Start proc com.cyanogenmod.stats for broadcast com.cyanogenmod.stats/.ReportingServiceManager: pid=2572 uid=10005 gids={3003}
D/CMStats ( 2572): CONNECTIVITY_ACTION: noConnectivity = false
D/CMStats ( 2572): CONNECTIVITY_ACTION: starting service
D/CMStats ( 2572): User has opted in -- reporting.
D/CMStats ( 2572): SERVICE: Device ID=9103B90B66088F48491403729DB05603
D/CMStats ( 2572): SERVICE: Device Name=sunfire
D/CMStats ( 2572): SERVICE: Device Version=9.0.0-RC0-Sunfire-KANG
D/CMStats ( 2572): SERVICE: Country=cn
D/CMStats ( 2572): SERVICE: Carrier=中国电信
D/CMStats ( 2572): SERVICE: Carrier ID=46000
I/MediaUploader( 2553): No need to wake up
D/dalvikvm( 1699): GC_EXPLICIT freed 275K, 7% free 9890K/10567K, paused 2ms+3ms
D/StatsUploadService( 1699): Upload disabled
I/ActivityManager( 1590): Start proc com.google.android.music:main for broadcast com.google.android.music/.store.MediaStoreImportService$Receiver: pid=2593 uid=10028 gids={3003, 1015}
I/ActivityThread( 2593): Pub com.google.android.music.MusicContent: com.google.android.music.store.MusicContentProvider
D/dalvikvm( 2512): GC_CONCURRENT freed 325K, 6% free 9204K/9735K, paused 3ms+2ms
D/dalvikvm( 2593): GC_CONCURRENT freed 190K, 4% free 9352K/9735K, paused 1ms+1ms
I/MusicStore( 2593): Database version: 37
I/AsyncCursor1:1( 2593): Initialized for content://com.google.android.music.MusicContent/playlists, proj:_id#name, sel: 'null', args: null, order: null
I/ActivityManager( 1590): No longer want com.android.settings (pid 1737): hidden #16
I/ActivityManager( 1590): Start proc com.google.android.talk for broadcast com.google.android.talk/.McsConnectionStartedReceiver: pid=2612 uid=10036 gids={3003, 1015, 1006, 3002}
D/dalvikvm( 1422): GC_EXPLICIT freed 37K, 5% free 9082K/9475K, paused 1ms+2ms
D/dalvikvm( 1422): GC_EXPLICIT freed <1K, 5% free 9082K/9475K, paused 2ms+2ms
D/dalvikvm( 1590): GC_CONCURRENT freed 852K, 11% free 13352K/14855K, paused 2ms+4ms
D/MusicStore( 2593): Disabled WAL
D/MusicStore( 2593): Database opened
D/dalvikvm( 1422): GC_EXPLICIT freed <1K, 5% free 9082K/9475K, paused 1ms+1ms
I/ActivityThread( 2612): Pub com.google.android.talk.SuggestionProvider: com.google.android.talk.SuggestionsProvider
D/dalvikvm( 1590): GC_EXPLICIT freed 131K, 11% free 13318K/14855K, paused 2ms+6ms
D/dalvikvm( 2612): GC_CONCURRENT freed 180K, 5% free 9346K/9735K, paused 2ms+2ms
D/vclib:CallStateClient( 2612): startListening
I/talk    ( 2612): onMcsConnectionStarted
I/ActivityManager( 1590): Start proc com.google.android.apps.maps:LocationFriendService for broadcast com.google.android.apps.maps/com.google.googlenav.friend.reporting.LocationReportingIntentReceiver: pid=2642 uid=10071 gids={3003, 1015}
I/ActivityManager( 1590): No longer want com.cyanogenmod.settings.device (pid 2233): hidden #16
I/dalvikvm( 2642): Turning on JNI app bug workarounds for target SDK version 13...
I/CalendarProvider2( 2512): Sending notification intent: Intent { act=android.intent.action.PROVIDER_CHANGED dat=content://com.android.calendar }
W/ContentResolver( 2512): Failed to get type for: content://com.android.calendar (Unknown URL content://com.android.calendar)
I/ActivityManager( 1590): No longer want com.noshufou.android.su (pid 2253): hidden #16
D/dalvikvm( 2642): GC_CONCURRENT freed 153K, 4% free 9434K/9735K, paused 3ms+2ms
I/ActivityManager( 1590): No longer want com.android.voicedialer (pid 2270): hidden #16
D/CMStats ( 2572): SERVICE: setting checkedin=true
I/ActivityManager( 1590): No longer want com.google.android.apps.genie.geniewidget (pid 2299): hidden #16
I/System.out( 2464): [INFO:2780]: c: Running flush
I/System.out( 2464): [INFO:2851]: c: Sending payload [bytes=387]
I/ActivityManager( 1590): Start proc android.process.acore for content provider com.android.providers.contacts/.ContactsProvider2: pid=2665 uid=10000 gids={3003, 1015}
I/ActivityManager( 1590): No longer want com.google.android.onetimeinitializer (pid 2349): hidden #16
I/ActivityThread( 2665): Pub com.android.voicemail: com.android.providers.contacts.VoicemailContentProvider
I/ActivityThread( 2665): Pub user_dictionary: com.android.providers.userdictionary.UserDictionaryProvider
I/ActivityThread( 2665): Pub com.android.social: com.android.providers.contacts.SocialProvider
I/ActivityThread( 2665): Pub applications: com.android.providers.applications.ApplicationsProvider
I/ActivityThread( 2665): Pub contacts;com.android.contacts: com.android.providers.contacts.ContactsProvider2
D/dalvikvm( 2665): GC_CONCURRENT freed 350K, 6% free 9237K/9735K, paused 2ms+1ms
I/ActivityThread( 2665): Pub call_log: com.android.providers.contacts.CallLogProvider
D/MediaStoreImportService( 2593): Handle action: MediaStoreImportService.import_pending
D/MediaStoreImportService( 2593): onDestroy
D/dalvikvm( 2665): GC_CONCURRENT freed 236K, 5% free 9491K/9927K, paused 2ms+2ms
D/dalvikvm( 1699): GC_CONCURRENT freed 343K, 6% free 9949K/10567K, paused 3ms+3ms
I/        ( 1514): odm_disp_cabc_thread running
I/        ( 1514): odm_disp_cabc_thread is restarting err_cnt=3
I/System.out( 2464): [INFO:7852]: c: Running delayed flush
I/System.out( 2464): [INFO:7865]: c: Running flush
I/System.out( 2464): [INFO:7870]: c: Sending payload [bytes=67]
D/dalvikvm( 2612): GC_CONCURRENT freed 399K, 6% free 9401K/9991K, paused 3ms+1ms
D/dalvikvm( 1713): GC_CONCURRENT freed 392K, 7% free 9266K/9863K, paused 2ms+1ms
D/dalvikvm( 1713): GC_FOR_ALLOC freed 406K, 7% free 9251K/9927K, paused 31ms
D/dalvikvm( 1713): GC_CONCURRENT freed 4K, 7% free 9262K/9927K, paused 2ms+5ms
D/dalvikvm( 1713): GC_FOR_ALLOC freed 363K, 7% free 9253K/9927K, paused 24ms
I/dalvikvm( 1590): Jit: resizing JitTable from 4096 to 8192
D/dalvikvm( 1713): GC_FOR_ALLOC freed 367K, 7% free 9257K/9927K, paused 22ms
D/dalvikvm( 1713): GC_FOR_ALLOC freed 365K, 7% free 9260K/9927K, paused 52ms
D/dalvikvm( 1713): GC_FOR_ALLOC freed 365K, 7% free 9263K/9927K, paused 28ms
D/dalvikvm( 1713): GC_FOR_ALLOC freed 367K, 7% free 9266K/9927K, paused 30ms
D/KeyguardStatusView( 1590): lunar : 农历一月廿四
D/dalvikvm( 1713): GC_FOR_ALLOC freed 367K, 7% free 9269K/9927K, paused 26ms
D/dalvikvm( 1713): GC_FOR_ALLOC freed 367K, 7% free 9272K/9927K, paused 27ms
D/        ( 1514): NVRM_DAEMON(479): queue_dispatch_thread() running
I/nvrm_daemon( 1502): NVRM_DAEMON(479): queue_dispatch_thread() running
D/dalvikvm( 1713): GC_CONCURRENT freed 451K, 8% free 9269K/9991K, paused 3ms+2ms
W/ActivityManager( 1590): Timeout executing service: ServiceRecord{41705f78 com.motorola.android.extdispservice/.ExtDispService}
I/ActivityManager( 1590): Crashing app skipping ANR: ProcessRecord{416ffd80 2156:com.motorola.process.system/1000} Executing service com.motorola.android.extdispservice/.ExtDispService
D/rdsutil ( 1590): rds_file_close( 0 ) = 0
D/dalvikvm( 1713): GC_CONCURRENT freed 359K, 7% free 9296K/9991K, paused 4ms+2ms
W/MediaScanner( 1713): Error opening directory '/mnt/sdcard/.android_secure/', skipping: Permission denied.
D/dalvikvm( 1713): GC_CONCURRENT freed 366K, 7% free 9314K/9991K, paused 3ms+3ms
I/        ( 1514): odm_disp_cabc_thread running
I/        ( 1514): odm_disp_cabc_thread is restarting err_cnt=4
