--------- beginning of /dev/log/main
I/pds_perm_fix.sh( 1397): mount: mounting /dev/block/loop0 on /pds failed: Invalid argument
I/pds_perm_fix.sh( 1397): Mounted PDS only.
I/cm      ( 1409): Welcome to Android 4.0.3 / CyanogenMod-9.0.0-RC0-Sunfire-KANG 
I/cm      ( 1410):                                                 _  
I/cm      ( 1411):  __ __ _ ___  _ _  __  ___  __ _ _  _  _  __  __)) 
I/cm      ( 1412): ((_ \(/'((_( ((\( ((_)((_( (('((\( ((`1( ((_)((_(  
I/cm      ( 1413):      ))                 _)) 
I/cm      ( 1414):   
I/DEBUG   ( 1419): debuggerd: Feb 13 2012 23:26:40
--------- beginning of /dev/log/system
I/Vold    ( 1416): Vold 2.1 (the revenge) firing up
I/Netd    ( 1418): Netd 1.0 starting
D/Vold    ( 1416): Volume sdcard-ext state changing -1 (Initializing) -> 0 (No-Media)
D/Vold    ( 1416): Volume sdcard state changing -1 (Initializing) -> 0 (No-Media)
D/Vold    ( 1416): Volume usbdisk_1.0 state changing -1 (Initializing) -> 0 (No-Media)
D/Vold    ( 1416): Volume usbdisk_1.1 state changing -1 (Initializing) -> 0 (No-Media)
D/Vold    ( 1416): Volume usbdisk_1.2 state changing -1 (Initializing) -> 0 (No-Media)
D/Vold    ( 1416): Volume usbdisk_1.3 state changing -1 (Initializing) -> 0 (No-Media)
D/Vold    ( 1416): Volume usbdisk_1.4 state changing -1 (Initializing) -> 0 (No-Media)
D/Vold    ( 1416): Volume usbdisk_1.5 state changing -1 (Initializing) -> 0 (No-Media)
D/Vold    ( 1416): Volume usbdisk_1.6 state changing -1 (Initializing) -> 0 (No-Media)
D/Vold    ( 1416): Volume usbdisk_1.7 state changing -1 (Initializing) -> 0 (No-Media)
D/Vold    ( 1416): Volume sdcard state changing 0 (No-Media) -> 2 (Pending)
D/DirectVolume( 1416): DirectVolume::handlePartitionAdded -> MAJOR 179, MINOR 1, PARTN 1
D/DirectVolume( 1416): DirectVolume::handlePartitionAdded -> MAJOR 179, MINOR 2, PARTN 2
D/DirectVolume( 1416): DirectVolume::handlePartitionAdded -> MAJOR 179, MINOR 3, PARTN 3
D/DirectVolume( 1416): DirectVolume::handlePartitionAdded -> MAJOR 179, MINOR 4, PARTN 4
D/DirectVolume( 1416): DirectVolume::handlePartitionAdded -> MAJOR 179, MINOR 5, PARTN 5
D/DirectVolume( 1416): DirectVolume::handlePartitionAdded -> MAJOR 179, MINOR 6, PARTN 6
D/DirectVolume( 1416): DirectVolume::handlePartitionAdded -> MAJOR 179, MINOR 7, PARTN 7
D/Vold    ( 1416): Volume sdcard state changing 2 (Pending) -> 1 (Idle-Unmounted)
D/DirectVolume( 1416): DirectVolume::handlePartitionAdded -> MAJOR 179, MINOR 8, PARTN 8
W/Vold    ( 1416): Duplicate state (1)
D/DirectVolume( 1416): DirectVolume::handlePartitionAdded -> MAJOR 179, MINOR 9, PARTN 9
W/Vold    ( 1416): Duplicate state (1)
D/DirectVolume( 1416): DirectVolume::handlePartitionAdded -> MAJOR 179, MINOR 10, PARTN 10
W/Vold    ( 1416): Duplicate state (1)
D/DirectVolume( 1416): DirectVolume::handlePartitionAdded -> MAJOR 179, MINOR 11, PARTN 11
W/Vold    ( 1416): Duplicate state (1)
D/DirectVolume( 1416): DirectVolume::handlePartitionAdded -> MAJOR 179, MINOR 12, PARTN 12
W/Vold    ( 1416): Duplicate state (1)
D/DirectVolume( 1416): DirectVolume::handlePartitionAdded -> MAJOR 179, MINOR 13, PARTN 13
W/Vold    ( 1416): Duplicate state (1)
D/DirectVolume( 1416): DirectVolume::handlePartitionAdded -> MAJOR 179, MINOR 14, PARTN 14
W/Vold    ( 1416): Duplicate state (1)
D/DirectVolume( 1416): DirectVolume::handlePartitionAdded -> MAJOR 179, MINOR 15, PARTN 15
W/Vold    ( 1416): Duplicate state (1)
D/DirectVolume( 1416): DirectVolume::handlePartitionAdded -> MAJOR 179, MINOR 16, PARTN 16
W/Vold    ( 1416): Duplicate state (1)
D/DirectVolume( 1416): DirectVolume::handlePartitionAdded -> MAJOR 179, MINOR 17, PARTN 17
W/Vold    ( 1416): Duplicate state (1)
D/DirectVolume( 1416): DirectVolume::handlePartitionAdded -> MAJOR 179, MINOR 18, PARTN 18
W/Vold    ( 1416): Duplicate state (1)
D/DirectVolume( 1416): DirectVolume::handlePartitionAdded -> MAJOR 179, MINOR 19, PARTN 19
W/Vold    ( 1416): Duplicate state (1)
D/Vold    ( 1416): Volume sdcard-ext state changing 0 (No-Media) -> 2 (Pending)
D/DirectVolume( 1416): DirectVolume::handlePartitionAdded -> MAJOR 179, MINOR 33, PARTN 1
D/Vold    ( 1416): Volume sdcard-ext state changing 2 (Pending) -> 1 (Idle-Unmounted)
D/        ( 1467): MOTO_PUPD: mot_boot_mode
D/        ( 1467): MOTO_PUPD: mot_boot_mode : normal
E/Netd    ( 1418): Unable to bind netlink socket: No such file or directory
E/Netd    ( 1418): Unable to open quota2 logging socket
I/        ( 1423): ServiceManager: 0x18910
E/Whisper ( 1509): No Vectors installed (errno = No such file or directory)
E/Whisper ( 1509): Failed to open file (errno = No such file or directory)
E/Whisper ( 1509): accyAuthInit() failed
I/usbd    ( 1504): main(): Start usbd - version 1.2
I/usbd    ( 1504): main(): Initializing uevent_socket 
I/usbd    ( 1504): main(): Initializing usb_device_mode 
I/usbd    ( 1504): main(): Phone was started up in normal mode 
I/usbd    ( 1504): main(): Initializing usbd socket 
I/usbd    ( 1504): usbd_get_cable_status(): cable_type = usb
I/usbd    ( 1504): 
I/usbd    ( 1504): usbd_get_cable_status(): current usb_online = 1
D/AndroidRuntime( 1422): 
D/AndroidRuntime( 1422): >>>>>> AndroidRuntime START com.android.internal.os.ZygoteInit <<<<<<
D/AndroidRuntime( 1422): CheckJNI is OFF
I/touchpad( 1505): /system/bin/touchpad: Factory flag is OFF
I/touchpad( 1505): /system/bin/touchpad: Getting firmware version
I/touchpad( 1505): /system/bin/touchpad: Version is 22
I/touchpad( 1505): /system/bin/touchpad: Doing complete upgrade, if needed
I/touchpad( 1505): /system/bin/touchpad: Initiating firmware upload
I/mdm_panicd( 1511): Subscribed to RDS_MSG_ID_UNSOL_IPC_FAILURE
I/BATTD   ( 1503): Failed to create directory /pds/public/battd/
I/AKMD2   ( 1507): AK8975/B for Android v1.1.0.1216 (Library: v1.2.0.1217) started.
I/touchpad( 1505): manageFirmware: Upgrade directory does not exist. No need to upgrade
I/touchpad( 1505): /system/bin/touchpad: Checking Upgrade directory(rc=0)
I/touchpad( 1505): manageConfig: Upgrade directory does not exist. No need to upgrade
I/BATTD   ( 1503): Battd USB INSERT = Success
I/BATTD   ( 1503): Battd Init = Success
I/BATTD   ( 1503): RTC Log SBCM Init=7938
I/BATTD   ( 1503): SBCM_GLUE: UNABLE TO OPEN FILE /config/public/battd/batt_offset_data
I/BATTD   ( 1503): SBCM_GLUE: UNABLE TO OPEN FILE /pds/public/battd/batt_offset_data
I/BATTD   ( 1503): SBCM_GLUE: UNABLE TO OPEN FILE /pds/public/batt_offset_data
I/BATTD   ( 1503): SBCM_GLUE: BATT DATA RETRIVAL FAILURE
I/BATTD   ( 1503): SBCM_GLUE: CutOff Threshold is 3050 mV
I/BATTD   ( 1503): SBCM_GLUE_EVENT_INIT=Initialization
I/BATTD   ( 1503): SBCM_GLUE ****Battery Phasing start ****
I/BATTD   ( 1503): SBCM_GLUE offset_batti = 0
I/BATTD   ( 1503): SBCM_GLUE slope_batti = 128
I/BATTD   ( 1503): SBCM_GLUE offset_chrgi = 0
I/BATTD   ( 1503): SBCM_GLUE slope_chrgi = 128
I/BATTD   ( 1503): SBCM_GLUE offset_battp = 0
I/BATTD   ( 1503): SBCM_GLUE slope_battp = 128
I/BATTD   ( 1503): SBCM_GLUE offset_bp = 0
I/BATTD   ( 1503): SBCM_GLUE slope_bp = 128
I/BATTD   ( 1503): SBCM_GLUE offset_battt = 0
I/BATTD   ( 1503): SBCM_GLUE slope_battt = 128
I/BATTD   ( 1503): SBCM_GLUE offset_chrgv = 0
I/BATTD   ( 1503): SBCM_GLUE slope_chrgv = 128
I/BATTD   ( 1503): SBCM_GLUE ****Battery Phasing end ****
I/BATTD   ( 1503): SBCM_GLUE temp safe = 333
I/BATTD   ( 1503): SBCM_GLUE temp warn = 338
I/BATTD   ( 1503): SBCM_GLUE temp cool = 341
I/BATTD   ( 1503): SBCM_GLUE temp phased safe raw = 0x4b
I/BATTD   ( 1503): SBCM_GLUE temp phased warn raw = 0x3f
I/BATTD   ( 1503): SBCM_GLUE temp phased cool raw = 0x3a
I/BATTD   ( 1503): SBCM_GLUE temp safe unphased raw = 0x4b
I/BATTD   ( 1503): SBCM_GLUE temp warn unphased raw = 0x3f
I/BATTD   ( 1503): SBCM_GLUE temp cool unphased raw = 0x3a
I/touchpad( 1505): /system/bin/touchpad: Trying to send default configuration (/etc/touchpad/22).
I/touchpad( 1505): manageSpecificConfig(): Found version:  22
I/BATTD   ( 1503): Coulomb Counter Enabled=1
I/BATTD   ( 1503): SBCM_ALGORITHM_task_handler()return=686979
I/BATTD   ( 1503): while(SBCM_GLUE_atod_pending)=2
I/BATTD   ( 1503): SBCM_ALGORITHM_task_handler()return=0xA7BBD
I/BATTD   ( 1503): while(SBCM_GLUE_atod_pending)=4
I/BATTD   ( 1503): SBCM_GLUE ****Battery BRT Read ****
I/touchpad( 1505): manageSpecificConfig(): File /etc/touchpad/22/touchpad.cfg is opened!
I/touchpad( 1505): doConfig: Enter
I/touchpad( 1505): doConfig: Handling OBP configuration
I/SurfaceFlinger( 1421): SurfaceFlinger is starting
I/SurfaceFlinger( 1421): SurfaceFlinger's main thread ready to run. Initializing graphics H/W...
I/touchpad( 1505): getConfigField8: GEN_POWERCONFIG_T7->IDLEACQINT = 0x0A(10)
I/touchpad( 1505): getConfigField8: GEN_POWERCONFIG_T7->ACTVACQINT = 0x11(17)
I/touchpad( 1505): getConfigField8: GEN_POWERCONFIG_T7->ACTV2IDLETO = 0x00(0)
I/touchpad( 1505): getConfigField8: GEN_ACQUISITIONCONFIG_T8->CHRGTIME = 0x0A(10)
I/touchpad( 1505): getConfigField8: GEN_ACQUISITIONCONFIG_T8->ATCHDRIFT = 0x00(0)
I/touchpad( 1505): getConfigField8: GEN_ACQUISITIONCONFIG_T8->TCHDRIFT = 0x0A(10)
I/touchpad( 1505): getConfigField8: GEN_ACQUISITIONCONFIG_T8->DRIFTST = 0x00(0)
I/touchpad( 1505): getConfigField8: GEN_ACQUISITIONCONFIG_T8->TCHAUTOCAL = 0x00(0)
I/touchpad( 1505): getConfigField8: GEN_ACQUISITIONCONFIG_T8->SYNC = 0x00(0)
I/touchpad( 1505): getConfigField8: GEN_ACQUISITIONCONFIG_T8->ATCHCALST = 0x05(5)
I/touchpad( 1505): getConfigField8: GEN_ACQUISITIONCONFIG_T8->ATCHCALSTHR = 0x00(0)
I/mdm_panicd( 1511): Baseband version: N_01.28.07R
I/mdm_panicd( 1511): RDS Socket established gUnsolicitedFd = 4
I/touchpad( 1505): getConfigField8: TOUCH_MULTITOUCHSCREEN_T9 ->CTRL = 0x0B(11)
I/touchpad( 1505): getConfigField8: TOUCH_MULTITOUCHSCREEN_T9 ->XORIGIN = 0x00(0)
I/touchpad( 1505): getConfigField8: TOUCH_MULTITOUCHSCREEN_T9 ->YORIGIN = 0x00(0)
I/touchpad( 1505): getConfigField8: TOUCH_MULTITOUCHSCREEN_T9 ->XSIZE = 0x13(19)
I/touchpad( 1505): getConfigField8: TOUCH_MULTITOUCHSCREEN_T9 ->YSIZE = 0x0B(11)
I/touchpad( 1505): getConfigField8: TOUCH_MULTITOUCHSCREEN_T9 ->AKSCFG = 0x00(0)
I/touchpad( 1505): getConfigField8: TOUCH_MULTITOUCHSCREEN_T9 ->BLEN = 0x10(16)
I/touchpad( 1505): getConfigField8: TOUCH_MULTITOUCHSCREEN_T9 ->TCHTHR = 0x2C(44)
I/touchpad( 1505): getConfigField8: TOUCH_MULTITOUCHSCREEN_T9 ->TCHDI = 0x02(2)
I/touchpad( 1505): getConfigField8: TOUCH_MULTITOUCHSCREEN_T9 ->ORIENT = 0x00(0)
I/touchpad( 1505): getConfigField8: TOUCH_MULTITOUCHSCREEN_T9 ->MRGTIMEOUT = 0x19(25)
I/touchpad( 1505): getConfigField8: TOUCH_MULTITOUCHSCREEN_T9 ->MOVHYSTI = 0x0A(10)
I/touchpad( 1505): getConfigField8: TOUCH_MULTITOUCHSCREEN_T9 ->MOVHYSTN = 0x05(5)
I/touchpad( 1505): getConfigField8: TOUCH_MULTITOUCHSCREEN_T9 ->MOVFILTER = 0x3E(62)
I/touchpad( 1505): getConfigField8: TOUCH_MULTITOUCHSCREEN_T9 ->NUMTOUCH = 0x05(5)
I/touchpad( 1505): getConfigField8: TOUCH_MULTITOUCHSCREEN_T9 ->MRGHYST = 0x05(5)
I/touchpad( 1505): getConfigField8: TOUCH_MULTITOUCHSCREEN_T9 ->MRGTHR = 0x05(5)
I/touchpad( 1505): getConfigField8: TOUCH_MULTITOUCHSCREEN_T9 ->AMPHYST = 0x05(5)
I/touchpad( 1505): getConfigField16: TOUCH_MULTITOUCHSCREEN_T9 ->XRANGE = 0x0000(0)
I/touchpad( 1505): getConfigField16: TOUCH_MULTITOUCHSCREEN_T9 ->YRANGE = 0x0000(0)
I/touchpad( 1505): getConfigField8: TOUCH_MULTITOUCHSCREEN_T9 ->XLOCLIP = 0x03(3)
I/touchpad( 1505): getConfigField8: TOUCH_MULTITOUCHSCREEN_T9 ->XHICLIP = 0xF8(248)
I/touchpad( 1505): getConfigField8: TOUCH_MULTITOUCHSCREEN_T9 ->YLOCLIP = 0x1C(28)
I/touchpad( 1505): getConfigField8: TOUCH_MULTITOUCHSCREEN_T9 ->YHICLIP = 0x11(17)
I/touchpad( 1505): getConfigField8: TOUCH_MULTITOUCHSCREEN_T9 ->XEDGECTRL = 0xED(237)
I/touchpad( 1505): getConfigField8: TOUCH_MULTITOUCHSCREEN_T9 ->XEDGEDIST = 0x25(37)
I/touchpad( 1505): getConfigField8: TOUCH_MULTITOUCHSCREEN_T9 ->YEDGECTRL = 0x83(131)
I/touchpad( 1505): getConfigField8: TOUCH_MULTITOUCHSCREEN_T9 ->YEDGEDIST = 0xDC(220)
I/touchpad( 1505): getConfigField8: TOUCH_MULTITOUCHSCREEN_T9 ->JUMPLIMIT = 0x00(0)
I/usbd    ( 1504): main(): Initial Cable State = Cable Attached
I/usbd    ( 1504): main(): get event from usb_device_fd
I/usbd    ( 1504): main(): devbuf: none:adb_enable:none:none
I/usbd    ( 1504): rc: 25 usbd_curr_cable_status: 0
I/usbd    ( 1504): main(): pcSwitchbuf = none
I/usbd    ( 1504): main(): adbEnablebuf: adb_enable
I/usbd    ( 1504): main(): tetheringEnablebuf: none
I/usbd    ( 1504): main(): length = 5
I/usbd    ( 1504): main(): enubuf: none
I/usbd    ( 1504): process_usb_uevent_message(): cable type: usb
I/usbd    ( 1504): main():  Spurious Cable Event, Ignore 
I/touchpad( 1505): getConfigField8: TOUCH_KEYARRAY_T15->CTRL = 0x00(0)
I/touchpad( 1505): getConfigField8: TOUCH_KEYARRAY_T15->XORIGIN = 0x00(0)
I/touchpad( 1505): getConfigField8: TOUCH_KEYARRAY_T15->YORIGIN = 0x00(0)
I/touchpad( 1505): getConfigField8: TOUCH_KEYARRAY_T15->XSIZE = 0x00(0)
I/touchpad( 1505): getConfigField8: TOUCH_KEYARRAY_T15->YSIZE = 0x00(0)
I/usbd    ( 1504): main(): get event from usb_device_fd
I/usbd    ( 1504): main(): devbuf: none:none:none:get_desc
I/usbd    ( 1504): rc: 23 usbd_curr_cable_status: 0
I/usbd    ( 1504): main(): pcSwitchbuf = none
I/usbd    ( 1504): main(): adbEnablebuf: none
I/usbd    ( 1504): main(): tetheringEnablebuf: none
I/usbd    ( 1504): main(): length = 9
I/usbd    ( 1504): main(): enubuf: get_desc
I/usbd    ( 1504): main(): received get_descriptor, enum in progress
I/usbd    ( 1504): process_usb_uevent_message(): cable type: usb
I/usbd    ( 1504): main():  Spurious Cable Event, Ignore 
I/touchpad( 1505): getConfigField8: TOUCH_KEYARRAY_T15->AKSCFG = 0x00(0)
I/touchpad( 1505): getConfigField8: TOUCH_KEYARRAY_T15->BLEN = 0x00(0)
I/ftmipcd ( 1534): USBLAN interface not available
I/touchpad( 1505): getConfigField8: TOUCH_KEYARRAY_T15->TCHTHR = 0x00(0)
I/touchpad( 1505): getConfigField8: TOUCH_KEYARRAY_T15->TCHDI = 0x00(0)
I/touchpad( 1505): getConfigField8: SPT_GPIOPWM_T19->CTRL = 0x01(1)
I/touchpad( 1505): getConfigField8: SPT_GPIOPWM_T19->REPORTMASK = 0x00(0)
I/touchpad( 1505): getConfigField8: SPT_GPIOPWM_T19->DIR = 0x30(48)
I/touchpad( 1505): getConfigField8: SPT_GPIOPWM_T19->INTPULLUP = 0x00(0)
I/touchpad( 1505): getConfigField8: SPT_GPIOPWM_T19->OUT = 0x00(0)
I/touchpad( 1505): getConfigField8: SPT_GPIOPWM_T19->WAKE = 0x00(0)
I/touchpad( 1505): getConfigField8: SPT_GPIOPWM_T19->PWM = 0x00(0)
I/touchpad( 1505): getConfigField8: SPT_GPIOPWM_T19->PERIOD = 0x00(0)
I/touchpad( 1505): getConfigField8: SPT_GPIOPWM_T19->DUTY[0] = 0x00(0)
I/touchpad( 1505): getConfigField8: SPT_GPIOPWM_T19->DUTY[1] = 0x00(0)
I/touchpad( 1505): getConfigField8: SPT_GPIOPWM_T19->DUTY[2] = 0x00(0)
I/touchpad( 1505): getConfigField8: SPT_GPIOPWM_T19->DUTY[3] = 0x00(0)
I/touchpad( 1505): getConfigField8: PROCI_GRIPFACESUPPRESSION_T20->CTRL = 0x00(0)
I/touchpad( 1505): getConfigField8: PROCI_GRIPFACESUPPRESSION_T20->XLOGRIP = 0x00(0)
I/touchpad( 1505): getConfigField8: PROCI_GRIPFACESUPPRESSION_T20->XHIGRIP = 0x00(0)
I/touchpad( 1505): getConfigField8: PROCI_GRIPFACESUPPRESSION_T20->YLOGRIP = 0x00(0)
I/touchpad( 1505): getConfigField8: PROCI_GRIPFACESUPPRESSION_T20->YHIGRIP = 0x00(0)
I/touchpad( 1505): getConfigField8: PROCI_GRIPFACESUPPRESSION_T20->MAXTCHS = 0x00(0)
I/touchpad( 1505): getConfigField8: PROCI_GRIPFACESUPPRESSION_T20->N/A = 0x00(0)
I/touchpad( 1505): getConfigField8: PROCI_GRIPFACESUPPRESSION_T20->SZTHR1 = 0x00(0)
I/touchpad( 1505): getConfigField8: PROCI_GRIPFACESUPPRESSION_T20->SZTHR2 = 0x00(0)
I/touchpad( 1505): getConfigField8: PROCI_GRIPFACESUPPRESSION_T20->SHPTHR1 = 0x00(0)
I/touchpad( 1505): getConfigField8: PROCI_GRIPFACESUPPRESSION_T20->SHPTHR2 = 0x00(0)
I/touchpad( 1505): getConfigField8: PROCI_GRIPFACESUPPRESSION_T20->SUPEXTTO = 0x00(0)
I/touchpad( 1505): getConfigField8: PROCG_NOISESUPPRESSION_T22->CTRL = 0x05(5)
I/touchpad( 1505): getConfigField8: PROCG_NOISESUPPRESSION_T22->N/A = 0x00(0)
I/touchpad( 1505): getConfigField8: PROCG_NOISESUPPRESSION_T22->N/A = 0x00(0)
I/touchpad( 1505): getConfigField16: PROCG_NOISESUPPRESSION_T22->GCAFUL = 0x0000(0)
I/touchpad( 1505): getConfigField16: PROCG_NOISESUPPRESSION_T22->GCAFLL = 0x0000(0)
I/touchpad( 1505): getConfigField8: PROCG_NOISESUPPRESSION_T22->ACTVGCAFVALID = 0x08(8)
I/touchpad( 1505): getConfigField8: PROCG_NOISESUPPRESSION_T22->NOISETHR = 0x14(20)
I/touchpad( 1505): getConfigField8: PROCG_NOISESUPPRESSION_T22->N/A = 0x00(0)
I/touchpad( 1505): getConfigField8: PROCG_NOISESUPPRESSION_T22->FREQHOPSCALE = 0x00(0)
I/usbd    ( 1504): main(): get event from usb_device_fd
I/usbd    ( 1504): main(): devbuf: none:none:none:enumerated
I/usbd    ( 1504): rc: 25 usbd_curr_cable_status: 0
I/usbd    ( 1504): main(): pcSwitchbuf = none
I/usbd    ( 1504): main(): adbEnablebuf: none
I/usbd    ( 1504): main(): tetheringEnablebuf: none
I/usbd    ( 1504): main(): length = 11
I/usbd    ( 1504): main(): enubuf: enumerated
I/usbd    ( 1504): main(): recieved enumerated
I/usbd    ( 1504): main(): usbd_app_fd  = -1
I/usbd    ( 1504): process_usb_uevent_message(): cable type: usb
I/usbd    ( 1504): main():  Spurious Cable Event, Ignore 
I/touchpad( 1505): getConfigField8: PROCG_NOISESUPPRESSION_T22->FREQ[0] = 0x00(0)
I/touchpad( 1505): getConfigField8: PROCG_NOISESUPPRESSION_T22->FREQ[1] = 0x07(7)
I/touchpad( 1505): getConfigField8: PROCG_NOISESUPPRESSION_T22->FREQ[2] = 0x0D(13)
I/touchpad( 1505): getConfigField8: PROCG_NOISESUPPRESSION_T22->FREQ[3] = 0x14(20)
I/touchpad( 1505): getConfigField8: PROCG_NOISESUPPRESSION_T22->FREQ[4] = 0x19(25)
I/touchpad( 1505): getConfigField8: PROCG_NOISESUPPRESSION_T22->IDLEGCAFVALID = 0x04(4)
I/touchpad( 1505): getConfigField8: TOUCH_PROXIMITY_T23->CTRL = 0x00(0)
I/touchpad( 1505): getConfigField8: TOUCH_PROXIMITY_T23->XORIGIN = 0x00(0)
I/touchpad( 1505): getConfigField8: TOUCH_PROXIMITY_T23->YORIGIN = 0x00(0)
I/touchpad( 1505): getConfigField8: TOUCH_PROXIMITY_T23->XSIZE = 0x00(0)
I/touchpad( 1505): getConfigField8: TOUCH_PROXIMITY_T23->YSIZE = 0x00(0)
I/touchpad( 1505): getConfigField8: TOUCH_PROXIMITY_T23->N/A = 0x00(0)
I/touchpad( 1505): getConfigField8: TOUCH_PROXIMITY_T23->BLEN = 0x00(0)
I/touchpad( 1505): getConfigField16: TOUCH_PROXIMITY_T23->TCHTHR = 0x0000(0)
I/touchpad( 1505): getConfigField8: TOUCH_PROXIMITY_T23->TCHDI = 0x00(0)
I/touchpad( 1505): getConfigField8: TOUCH_PROXIMITY_T23->AVERAGE = 0x00(0)
I/touchpad( 1505): getConfigField16: TOUCH_PROXIMITY_T23->RATE = 0x0000(0)
I/touchpad( 1505): getConfigField8: SPT_SELFTEST_T25->CTRL = 0x00(0)
D/AndroidRuntime( 1539): 
D/AndroidRuntime( 1539): >>>>>> AndroidRuntime START com.android.internal.os.RuntimeInit <<<<<<
D/AndroidRuntime( 1539): CheckJNI is OFF
I/touchpad( 1505): getConfigField8: SPT_SELFTEST_T25->CMD = 0x00(0)
I/touchpad( 1505): getConfigField16: SPT_SELFTEST_T25->SIGLIM[0].UPSIGLIM = 0x2EE0(12000)
I/touchpad( 1505): getConfigField16: SPT_SELFTEST_T25->SIGLIM[0].LOSIGLIM = 0x1B58(7000)
I/BATTD   ( 1503): SBCM_GLUE ****BRT SUCCESS****
D/dalvikvm( 1539): DexOpt: sleeping on flock(/cache/dalvik-cache/system@framework@apache-xml.jar@classes.dex)
I/BATTD   ( 1503): File /data/battd/cc_data opened!
I/touchpad( 1505): getConfigField16: SPT_SELFTEST_T25->SIGLIM[1].UPSIGLIM = 0x36B0(14000)
I/touchpad( 1505): getConfigField16: SPT_SELFTEST_T25->SIGLIM[1].LOSIGLIM = 0x01F4(500)
I/BATTD   ( 1503): File /data/battd/cc_data read 24 bytes, sequence:349
I/BATTD   ( 1503): File /data/battd/cc_data_old opened!
I/touchpad( 1505): getConfigField16: SPT_SELFTEST_T25->SIGLIM[2].UPSIGLIM = 0x0000(0)
I/touchpad( 1505): getConfigField16: SPT_SELFTEST_T25->SIGLIM[2].LOSIGLIM = 0x0000(0)
I/touchpad( 1505): getConfigField8: SPT_CTECONFIG_T28->CTRL = 0x00(0)
I/BATTD   ( 1503): File /data/battd/cc_data_old read 24 bytes, sequence:350
I/BATTD   ( 1503): File /data/battd/cc_data_old selected
I/BATTD   ( 1503): Percentage from status file = 369274974
I/BATTD   ( 1503): Voltage from status file = 3896
I/BATTD   ( 1503): Sequence from status file = 350
I/BATTD   ( 1503): SBCM_ALGORITHM_task_handler()return=0xA7B81
I/BATTD   ( 1503): Timeout=10
D/dalvikvm( 1539): DexOpt: sleeping on flock(/cache/dalvik-cache/system@framework@filterfw.jar@classes.dex)
I/touchpad( 1505): getConfigField8: SPT_CTECONFIG_T28->CMD = 0x00(0)
I/touchpad( 1505): getConfigField8: SPT_CTECONFIG_T28->MODE = 0x03(3)
I/touchpad( 1505): getConfigField8: SPT_CTECONFIG_T28->IDLEGCAFDEPTH = 0x04(4)
I/touchpad( 1505): getConfigField8: SPT_CTECONFIG_T28->ACTVGCAFDEPTH = 0x08(8)
I/        ( 1424): ServiceManager: 0xf958
I/touchpad( 1505): getConfigField8: SPT_CTECONFIG_T28->VOLTAGE = 0x07(7)
I/BATTD   ( 1503): SBCM_GLUE ****Battery BRT Read ****
D/        ( 1514): NvDdkDispBacklightTimeout() thread running
D/        ( 1514): NVDDK error thread running
D/        ( 1514): NvDdkDispBacklightTimeout() thread running
D/        ( 1514): NVDDK error thread running
I/        ( 1514): Enter motDsiSetup()..
I/        ( 1514): 
I/        ( 1514): enter motDsiDiscover
I/        ( 1514): exit motDsiDiscover
I/        ( 1514): 
I/        ( 1514): Enter motDsiSetup()..
I/        ( 1514): 
I/        ( 1514): enter motDsiGetParameter
I/        ( 1514): exit motDsiGetParameter
I/        ( 1514): 
I/        ( 1514): enter motDsiSetSpecialFunction (2)
I/        ( 1514): detect_panel top
I/        ( 1514): exit motDsiSetSpecialFunction
I/        ( 1514): 
I/        ( 1514): enter motDsiListModes
I/        ( 1514): exit motDsiListModes
I/        ( 1514): 
I/        ( 1514): enter motDsiListModes
I/        ( 1514): exit motDsiListModes
I/        ( 1514): 
I/        ( 1514): enter motDsiGetParameter
I/        ( 1514): exit motDsiGetParameter
I/        ( 1514): 
I/        ( 1514): enter motDsiGetParameter
I/        ( 1514): exit motDsiGetParameter
I/        ( 1514): 
I/        ( 1514): enter motDsiGetParameter
I/        ( 1514): exit motDsiGetParameter
I/        ( 1514): 
I/        ( 1514): enter motDsiGetParameter
I/        ( 1514): exit motDsiGetParameter
I/        ( 1514): 
I/        ( 1514): enter motDsiGetParameter
I/        ( 1514): exit motDsiGetParameter
I/        ( 1514): 
I/        ( 1514): enter motDsiGetParameter
I/        ( 1514): exit motDsiGetParameter
I/        ( 1514): 
I/        ( 1514): enter motDsiGetParameter
I/        ( 1514): exit motDsiGetParameter
I/        ( 1514): 
I/        ( 1514): enter motDsiGetParameter
I/        ( 1514): exit motDsiGetParameter
I/        ( 1514): 
I/        ( 1514): enter motDsiGetParameter
I/        ( 1514): exit motDsiGetParameter
I/        ( 1514): 
I/        ( 1514): enter motDsiGetParameter
I/        ( 1514): exit motDsiGetParameter
I/        ( 1514): 
D/AudioMgrRIL( 1424): Requesting current call status from RDS
D/AudioMgrRIL( 1424): RDS reports call not connected (callStatus = 0)
D/AudioPostProcessor( 1424): AudioPostProcessor()
D/AudioPostProcessor( 1424): Could not load beamformer parameters. Feature Disabled.
D/AudioPostProcessor( 1424): No debug parameters in /data; checking ro.product.locale.region
D/AudioPostProcessor( 1424): ro.product.locale.region value = CN
D/AudioPostProcessor( 1424): /system/bin/ap_gain.bin file size is 50371
D/AudioPostProcessor( 1424): Read format version 0x1808, content version 0x1800 from /system/bin/ap_gain.bin
D/AudioPostProcessor( 1424): Successfully parsed parameters from /system/bin/ap_gain.bin
D/AudioMsgHandler_CDMA( 1424): Create socket successful 16 
I/touchpad( 1505): /system/bin/touchpad: done
I/touchpad( 1505): /system/bin/touchpad: done
I/BATTD   ( 1503): SBCM_GLUE ****BRT SUCCESS****
I/BATTD   ( 1503): BM_BATT_DATA: status valid
I/BATTD   ( 1503): BM_BATT_DATA: uid valid
I/BATTD   ( 1503): BM_BATT_DATA: family_code = 137
I/BATTD   ( 1503): BM_BATT_DATA: uid_lsb = 0
I/BATTD   ( 1503): BM_BATT_DATA: uid_msb = 80
I/BATTD   ( 1503): BM_BATT_DATA: page_2_checksum = 0
I/BATTD   ( 1503): BM_BATT_DATA: page_3_checksum = 0
I/BATTD   ( 1503): BM_BATT_DATA: cpyrght_vld = 1
I/BATTD   ( 1503): SBCM CORE convert_rom_data: bcap= 1650, raw= 0xa5
I/BATTD   ( 1503): BATTD_SetBattCapacity BATT CAP = 216279
I/BATTD   ( 1503): SBCM_GLUE BATT CAP = 1650
D/        ( 1514): NVRM_DAEMON(1011): master_dispatch_thread() running
D/        ( 1514): NVRM_DAEMON(1103): pm_notifier_thread() running
I/nvrm_daemon( 1502): NVRM_DAEMON(1011): master_dispatch_thread() running
I/nvrm_daemon( 1502): NVRM_DAEMON(1103): pm_notifier_thread() running
D/        ( 1514): NVRM_DAEMON(1011): master_dispatch_thread() running
D/        ( 1514): nvrm_daemon: rt_exist from client: 0
D/        ( 1514): nvrm_daemon: rt_exist to client: 1
D/        ( 1514): NVRM_DAEMON(1011): master_dispatch_thread() running
D/        ( 1421): NvGrFbDevOpen: Opened fb0 on disp 0 size 540x960 format 1 rate 64.000000
I/nvrm_daemon( 1502): NVRM_DAEMON(1011): master_dispatch_thread() running
I/nvrm_daemon( 1502): nvrm_daemon: rt_exist from client: 0
I/nvrm_daemon( 1502): nvrm_daemon: rt_exist to client: 1
I/nvrm_daemon( 1502): NVRM_DAEMON(1011): master_dispatch_thread() running
D/libEGL  ( 1421): loaded /system/lib/egl/libGLES_android.so
D/AudioHardwareMot( 1424): nvInitSetup done
I/AudioFlinger( 1424): Loaded primary audio interface from LEGACY Audio HW HAL (audio)
I/AudioFlinger( 1424): Using 'LEGACY Audio HW HAL' (audio.primary) as the primary audio interface
I/AudioFlinger( 1424): Loaded a2dp audio interface from A2DP Audio HW HAL (audio)
D/AudioHardwareMot( 1424): setMode(NORMAL)
D/libEGL  ( 1421): loaded /system/lib/egl/libEGL_tegra.so
I/CameraService( 1424): CameraService started (pid=1424)
V/NvOmxCamera( 1424): HAL_getNumberOfCameras ++
D/AudioHardwareMot( 1424): AudioHardwareMot::openOutputStream enter
D/AudioHardwareMot( 1424): AudioStreamOutMot::set(0xfba0, 2, 0, 0 0 0)
D/AudioHardwareMot( 1424): bufSize = 8192
D/AudioHardwareMot( 1424): bufSize = 8192
D/AudioHardwareMot( 1424): bufSize = 8192
I/AudioFlinger( 1424): AudioFlinger's thread 0x10ca0 ready to run
D/AudioHardwareMot( 1424): bufSize = 8192
W/AudioFlinger( 1424): Thread AudioOut_1 cannot connect to the power manager service
D/AudioHardwareMot( 1424): AudioStreamOutMot::standby called
W/AudioFlinger( 1424): Thread AudioOut_1 cannot connect to the power manager service
D/AudioHardwareMot( 1424): AudioStreamOutMot::setParameters() routing=2
D/AudioHardwareMot( 1424): set output from 2 to 2
D/AudioHardwareMot( 1424): [int android::AudioHardwareMot::audioSelectSpeakers(int)] enter with spkr = 0
D/AudioHardwareMot( 1424): spkr1 = 0, spkr2 = 0
D/AudioHardwareMot( 1424): Setting STDAC speakers to none
D/AudioHardwareMot( 1424): configPostProcessor() called with accy = 9
D/AudioPostProcessor( 1424): configPostProcessing() called, inputAccy= 40, outputAccy= 9, sampleRate= 44100, ringtoneMode= 0
D/AudioPostProcessor( 1424): updatePostProcessor: disabling effects
D/AudioPostProcessor( 1424): updatePostProcessor calling SuperAPI parser with: accy=0 config=0 SE_level_index=1
D/AudioHardwareMot( 1424): Using FLUENCE_HIGH setting
D/AudioMgrRIL( 1424): Sending accessory : 1
D/AudioPostProcessor( 1424): slider opened, coeffs device for handset =0
D/AudioHardwareMot( 1424): doRouting devs: stereo 0, mono 0, input 0. Chose speaker None (gain 0) mic None (gain 0x1c1c)
D/CpcapAudio( 1424):  0x200 = 65
D/CpcapAudio( 1424):  0x201 = 0
D/CpcapAudio( 1424):  0x202 = 0
D/CpcapAudio( 1424):  0x203 = 0
D/CpcapAudio( 1424):  0x204 = 4
D/CpcapAudio( 1424):  0x205 = 0
D/CpcapAudio( 1424):  0x206 = 39c
D/CpcapAudio( 1424):  0x207 = 0
D/CpcapAudio( 1424):  0x208 = 0
D/CpcapAudio( 1424):  0x209 = 0
D/CpcapAudio( 1424):  0x20A = 0
D/CpcapAudio( 1424):  0x20B = 0
D/CpcapAudio( 1424):  0x20D = 30
D/AudioHardwareMot( 1424): setVoiceVolume(0.067000) Setting in-call volume to 0 (available range is 0 to 7)
D/AudioMgrRIL( 1424): setting volume, volume = 0
D/AudioHardwareMot( 1424): setVoiceVolume(1.000000) Setting in-call volume to 7 (available range is 0 to 7)
D/AudioMgrRIL( 1424): setting volume, volume = 7
I/AudioPolicyService( 1424): Loaded audio policy from LEGACY Audio Policy HAL (audio_policy)
D/libEGL  ( 1421): loaded /system/lib/egl/libGLESv1_CM_tegra.so
D/libEGL  ( 1421): loaded /system/lib/egl/libGLESv2_tegra.so
I/SurfaceFlinger( 1421): EGL informations:
I/SurfaceFlinger( 1421): # of configs : 56
I/SurfaceFlinger( 1421): vendor    : Android
I/SurfaceFlinger( 1421): version   : 1.4 Android META-EGL
I/SurfaceFlinger( 1421): extensions: EGL_KHR_image EGL_KHR_image_base EGL_KHR_gl_texture_2D_image EGL_KHR_gl_texture_cubemap_image EGL_KHR_gl_renderbuffer_image EGL_NV_system_time EGL_ANDROID_image_native_buffer EGL_ANDROID_image_native_buffer 
I/SurfaceFlinger( 1421): Client API: OpenGL ES
I/SurfaceFlinger( 1421): EGLSurface: 8-8-8-8, config=0x3
I/SurfaceFlinger( 1421): OpenGL informations:
I/SurfaceFlinger( 1421): vendor    : NVIDIA Corporation
I/SurfaceFlinger( 1421): renderer  : NVIDIA AP
I/SurfaceFlinger( 1421): version   : OpenGL ES-CM 1.1
I/SurfaceFlinger( 1421): extensions: GL_OES_byte_coordinates GL_OES_fixed_point GL_OES_single_precision GL_OES_read_format GL_OES_query_matrix GL_OES_compressed_paletted_texture GL_OES_matrix_palette GL_OES_extended_matrix_palette GL_OES_point_sprite GL_OES_point_size_array GL_OES_draw_texture GL_OES_matrix_get GL_OES_compressed_ETC1_RGB8_texture GL_OES_texture_cube_map GL_OES_framebuffer_object GL_OES_fbo_render_mipmap GL_OES_stencil8 GL_OES_rgb8_rgba8 GL_OES_vertex_half_float GL_OES_EGL_image GL_EXT_texture_compression_dxt1 GL_EXT_texture_compression_s3tc GL_EXT_bgra GL_EXT_texture_format_BGRA8888 GL_ARB_texture_non_power_of_two
I/SurfaceFlinger( 1421): GL_MAX_TEXTURE_SIZE = 2048
I/SurfaceFlinger( 1421): GL_MAX_VIEWPORT_DIMS = 3839 x 3839
I/SurfaceFlinger( 1421): flags = 00000000
W/SurfaceFlinger( 1421): hwcomposer module not found
I/BATTD   ( 1503): set_charge_voltage=4350
I/BATTD   ( 1503): set_charge_current=500
I/BATTD   ( 1503): set_charge_current=400
D/libEGL  ( 1571): loaded /system/lib/egl/libGLES_android.so
D/libEGL  ( 1571): loaded /system/lib/egl/libEGL_tegra.so
D/libEGL  ( 1571): loaded /system/lib/egl/libGLESv1_CM_tegra.so
D/libEGL  ( 1571): loaded /system/lib/egl/libGLESv2_tegra.so
I/        ( 1514): enter motDsiSetSpecialFunction (3)
I/        ( 1514): motDsiGetPinPolarities
I/        ( 1514): enter motDsiSetSpecialFunction (1)
I/        ( 1514): enter motDsiSetMode
I/        ( 1514): enter motDsiSetPowerLevel
I/        ( 1514): exit motDsiSetPowerLevel
I/        ( 1514): 
I/        ( 1514): enter motDsiSetPowerLevel
I/        ( 1514): enter motDsiResume
I/        ( 1514): *******motDsiPanelInit********* (0x40, 1 3 0)
I/        ( 1514): *******motDsiPanelInit********* (dsiClock = 1)
I/        ( 1514): exit motDsiPanelInit Done
I/        ( 1514): 
I/        ( 1514): exit motDsiResume
I/        ( 1514): 
I/        ( 1514): exit motDsiSetPowerLevel
I/        ( 1514): 
I/        ( 1514): odm_disp_cabc_thread is starting
I/        ( 1514): odm_disp_cabc_thread running
I/        ( 1514): odm_disp_cabc_thread is restarting err_cnt=0
I/SamplingProfilerIntegration( 1422): Profiling disabled.
I/Zygote  ( 1422): Preloading classes...
D/dalvikvm( 1422): GC_EXPLICIT freed 36K, 90% free 409K/4096K, paused 1ms+1ms
D/AndroidRuntime( 1539): Calling main entry com.android.commands.am.Am
I/am      ( 1538): Error type 2
I/am      ( 1538): android.util.AndroidException: Can't connect to activity manager; is the system running?
I/am      ( 1538): 	at com.android.commands.am.Am.run(Am.java:99)
I/am      ( 1538): 	at com.android.commands.am.Am.main(Am.java:80)
I/am      ( 1538): 	at com.android.internal.os.RuntimeInit.finishInit(Native Method)
I/am      ( 1538): 	at com.android.internal.os.RuntimeInit.main(RuntimeInit.java:238)
I/am      ( 1538): 	at dalvik.system.NativeStart.main(Native Method)
I/logwrapper( 1538): /system/bin/am terminated by exit(1)
D/TextLayoutCache( 1422): Using debug level: 0 - Debug Enabled: 0
W/Zygote  ( 1422): Class not found for preloading: android.media.AudioManager$2
I/dalvikvm( 1422): threadid=1: recursive native library load attempt (/system/lib/libmedia_jni.so)
D/MtpDeviceJNI( 1422): register_android_mtp_MtpDevice
I/dalvikvm( 1422): threadid=1: recursive native library load attempt (/system/lib/libmedia_jni.so)
I/dalvikvm( 1422): threadid=1: recursive native library load attempt (/system/lib/libmedia_jni.so)
W/Zygote  ( 1422): Class not found for preloading: android.media.IRemoteControlClientDispatcher
W/Zygote  ( 1422): Class not found for preloading: android.media.IRemoteControlClientDispatcher$Stub
D/dalvikvm( 1422): GC_FOR_ALLOC freed 198K, 83% free 722K/4096K, paused 3ms
D/dalvikvm( 1422): GC_FOR_ALLOC freed 206K, 75% free 1028K/4096K, paused 6ms
D/dalvikvm( 1422): GC_FOR_ALLOC freed 85K, 65% free 1455K/4096K, paused 8ms
W/Zygote  ( 1422): Class not found for preloading: android.text.TextDirectionHeuristics$CharCount
W/Zygote  ( 1422): Class not found for preloading: android.text.method.WordIterator$1
I/dalvikvm( 1422): threadid=1: recursive native library load attempt (/system/lib/libwebcore.so)
D/dalvikvm( 1422): No JNI_OnLoad found in /system/lib/libchromium_net.so 0x0, skipping init
I/BATTD   ( 1503): Event from SBCM Driver=Coulomb Counter Calibration Interrupt
I/BATTD   ( 1503): set_charge_current=500
W/Zygote  ( 1422): Class not found for preloading: android.widget.EdgeGlow
E/PhonePolicy( 1422): Could not preload class for phone policy: com.android.internal.policy.impl.PhoneWindow$ContextMenuCallback
D/dalvikvm( 1422): GC_FOR_ALLOC freed 270K, 59% free 1696K/4096K, paused 9ms
D/dalvikvm( 1422): GC_FOR_ALLOC freed 193K, 51% free 2015K/4096K, paused 13ms
I/System  ( 1422): Loaded time zone names for  in 370ms (367ms in ICU)
I/System  ( 1422): Loaded time zone names for en_US in 225ms (221ms in ICU)
I/System  ( 1422): Loaded time zone names for zh_CN in 210ms (207ms in ICU)
D/dalvikvm( 1422): GC_FOR_ALLOC freed 472K, 50% free 2054K/4096K, paused 14ms
I/Zygote  ( 1422): ...preloaded 2297 classes in 2270ms.
D/dalvikvm( 1422): GC_EXPLICIT freed 173K, 47% free 2176K/4096K, paused 1ms+1ms
I/Zygote  ( 1422): Preloading resources...
D/dalvikvm( 1422): GC_FOR_ALLOC freed 63K, 6% free 4001K/4227K, paused 13ms
D/dalvikvm( 1422): GC_FOR_ALLOC freed 45K, 4% free 5873K/6083K, paused 17ms
D/dalvikvm( 1422): GC_FOR_ALLOC freed 20K, 4% free 7155K/7427K, paused 15ms
I/Zygote  ( 1422): ...preloaded 379 resources in 402ms.
I/Zygote  ( 1422): ...preloaded 31 resources in 7ms.
D/dalvikvm( 1422): GC_EXPLICIT freed 56K, 2% free 9120K/9219K, paused 1ms+2ms
D/dalvikvm( 1422): GC_EXPLICIT freed 49K, 2% free 9070K/9219K, paused 1ms+1ms
D/dalvikvm( 1422): GC_EXPLICIT freed <1K, 2% free 9070K/9219K, paused 1ms+2ms
I/dalvikvm( 1422): System server process 1590 has been created
I/Zygote  ( 1422): Accepting command socket connections
I/sysproc ( 1590): Entered system_init()
I/sysproc ( 1590): ServiceManager: 0x1b29c0
D/SensorService( 1590): nuSensorService starting...
I/AKMD2   ( 1507): akmd2 : Compass Opened.
I/SensorService( 1590): KXTF9 3-axis Accelerometer
I/SensorService( 1590): AK8975 3-axis Magnetic field sensor
I/SensorService( 1590): AK8975 Orientation sensor
I/SensorService( 1590): ISL29030 Proximity sensor
I/SensorService( 1590): ISL29030 Light sensor
I/sysproc ( 1590): System server: starting Android runtime.
I/sysproc ( 1590): System server: starting Android services.
I/sysproc ( 1590): System server: entering thread pool.
D/SensorService( 1590): nuSensorService thread starting...
I/SystemServer( 1590): Entered the Android system server!
I/SystemServer( 1590): Entropy Service
I/AKMD2   ( 1507): akmd2 : Compass Closed.
I/SystemServer( 1590): Power Manager
I/SystemServer( 1590): Activity Manager
I/ActivityManager( 1590): Memory class: 64
D/dalvikvm( 1590): GC_CONCURRENT freed 78K, 3% free 9480K/9735K, paused 3ms+3ms
F/BatteryStatsImpl( 1590): problem reading network stats
F/BatteryStatsImpl( 1590): java.lang.IllegalStateException: problem parsing idx 1
F/BatteryStatsImpl( 1590): 	at com.android.internal.net.NetworkStatsFactory.readNetworkStatsDetail(NetworkStatsFactory.java:300)
F/BatteryStatsImpl( 1590): 	at com.android.internal.net.NetworkStatsFactory.readNetworkStatsDetail(NetworkStatsFactory.java:250)
F/BatteryStatsImpl( 1590): 	at com.android.internal.os.BatteryStatsImpl.getNetworkStatsDetailGroupedByUid(BatteryStatsImpl.java:5734)
F/BatteryStatsImpl( 1590): 	at com.android.internal.os.BatteryStatsImpl.access$100(BatteryStatsImpl.java:76)
F/BatteryStatsImpl( 1590): 	at com.android.internal.os.BatteryStatsImpl$Uid.computeCurrentTcpBytesReceived(BatteryStatsImpl.java:2457)
F/BatteryStatsImpl( 1590): 	at com.android.internal.os.BatteryStatsImpl$Uid.getTcpBytesReceived(BatteryStatsImpl.java:2446)
F/BatteryStatsImpl( 1590): 	at com.android.internal.os.BatteryStatsImpl.writeSummaryToParcel(BatteryStatsImpl.java:5437)
F/BatteryStatsImpl( 1590): 	at com.android.internal.os.BatteryStatsImpl.writeLocked(BatteryStatsImpl.java:4836)
F/BatteryStatsImpl( 1590): 	at com.android.internal.os.BatteryStatsImpl.writeAsyncLocked(BatteryStatsImpl.java:4818)
F/BatteryStatsImpl( 1590): 	at com.android.server.am.ActivityManagerService.<init>(ActivityManagerService.java:1489)
F/BatteryStatsImpl( 1590): 	at com.android.server.am.ActivityManagerService.<init>(ActivityManagerService.java:150)
F/BatteryStatsImpl( 1590): 	at com.android.server.am.ActivityManagerService$AThread.run(ActivityManagerService.java:1390)
F/BatteryStatsImpl( 1590): Caused by: java.io.FileNotFoundException: /proc/net/xt_qtaguid/stats: open failed: ENOENT (No such file or directory)
F/BatteryStatsImpl( 1590): 	at libcore.io.IoBridge.open(IoBridge.java:406)
F/BatteryStatsImpl( 1590): 	at java.io.FileInputStream.<init>(FileInputStream.java:78)
F/BatteryStatsImpl( 1590): 	at com.android.internal.net.NetworkStatsFactory.readNetworkStatsDetail(NetworkStatsFactory.java:269)
F/BatteryStatsImpl( 1590): 	... 11 more
F/BatteryStatsImpl( 1590): Caused by: libcore.io.ErrnoException: open failed: ENOENT (No such file or directory)
F/BatteryStatsImpl( 1590): 	at libcore.io.Posix.open(Native Method)
F/BatteryStatsImpl( 1590): 	at libcore.io.BlockGuardOs.open(BlockGuardOs.java:110)
F/BatteryStatsImpl( 1590): 	at libcore.io.IoBridge.open(IoBridge.java:390)
F/BatteryStatsImpl( 1590): 	... 13 more
E/AndroidRuntime( 1590): Error reporting WTF
E/AndroidRuntime( 1590): java.lang.NullPointerException
E/AndroidRuntime( 1590): 	at com.android.internal.os.RuntimeInit.wtf(RuntimeInit.java:345)
E/AndroidRuntime( 1590): 	at android.util.Log$1.onTerribleFailure(Log.java:103)
E/AndroidRuntime( 1590): 	at android.util.Log.wtf(Log.java:278)
E/AndroidRuntime( 1590): 	at com.android.internal.os.BatteryStatsImpl.getNetworkStatsDetailGroupedByUid(BatteryStatsImpl.java:5738)
E/AndroidRuntime( 1590): 	at com.android.internal.os.BatteryStatsImpl.access$100(BatteryStatsImpl.java:76)
E/AndroidRuntime( 1590): 	at com.android.internal.os.BatteryStatsImpl$Uid.computeCurrentTcpBytesReceived(BatteryStatsImpl.java:2457)
E/AndroidRuntime( 1590): 	at com.android.internal.os.BatteryStatsImpl$Uid.getTcpBytesReceived(BatteryStatsImpl.java:2446)
E/AndroidRuntime( 1590): 	at com.android.internal.os.BatteryStatsImpl.writeSummaryToParcel(BatteryStatsImpl.java:5437)
E/AndroidRuntime( 1590): 	at com.android.internal.os.BatteryStatsImpl.writeLocked(BatteryStatsImpl.java:4836)
E/AndroidRuntime( 1590): 	at com.android.internal.os.BatteryStatsImpl.writeAsyncLocked(BatteryStatsImpl.java:4818)
E/AndroidRuntime( 1590): 	at com.android.server.am.ActivityManagerService.<init>(ActivityManagerService.java:1489)
E/AndroidRuntime( 1590): 	at com.android.server.am.ActivityManagerService.<init>(ActivityManagerService.java:150)
E/AndroidRuntime( 1590): 	at com.android.server.am.ActivityManagerService$AThread.run(ActivityManagerService.java:1390)
D/dalvikvm( 1590): GC_CONCURRENT freed 463K, 7% free 9522K/10183K, paused 2ms+1ms
I/SystemServer( 1590): Telephony Registry
I/ActivityManager( 1590): Enabled StrictMode logging for AThread's Looper
I/SystemServer( 1590): Package Manager
D/dalvikvm( 1590): GC_FOR_ALLOC freed 285K, 7% free 9568K/10183K, paused 12ms
D/StrictMode( 1590): No activity manager; failed to Dropbox violation.
D/dalvikvm( 1590): GC_FOR_ALLOC freed 335K, 7% free 9572K/10247K, paused 12ms
D/dalvikvm( 1590): GC_CONCURRENT freed 241K, 5% free 9748K/10247K, paused 2ms+2ms
W/PackageManager( 1590): Library not found: /system/framework/com.android.nfc_extras.jar
W/PackageParser( 1590): No actions in intent filter at /system/app/Bluetooth.apk Binary XML file line #125
D/dalvikvm( 1590): GC_CONCURRENT freed 225K, 5% free 9951K/10375K, paused 1ms+3ms
W/PackageParser( 1590): No actions in intent filter at /system/app/Contacts.apk Binary XML file line #538
D/dalvikvm( 1590): GC_CONCURRENT freed 176K, 4% free 10183K/10567K, paused 1ms+2ms
W/PackageManager( 1590): Unable to update from com.android.music to com.google.android.music: old package still exists
D/dalvikvm( 1590): GC_CONCURRENT freed 233K, 4% free 10407K/10823K, paused 2ms+3ms
D/dalvikvm( 1590): GC_CONCURRENT freed 209K, 4% free 10605K/11015K, paused 3ms+3ms
W/ResourceType( 1590): Failure getting entry for 0x7f0c0013 (t=11 e=19) in package 0 (error -75)
D/dalvikvm( 1590): GC_CONCURRENT freed 215K, 4% free 10800K/11207K, paused 3ms+5ms
W/ResourceType( 1590): Failure getting entry for 0x7f02004b (t=1 e=75) in package 0 (error -75)
I/PackageManager( 1590): /system/app/GoogleBackupTransport.apk changed; collecting certs
W/PackageManager( 1590): Signature mismatch for shared user : SharedUserSetting{4137d278 android.uid.system/1000}
E/PackageManager( 1590): Package com.google.android.backup has no signatures that match those in shared user android.uid.system; ignoring!
D/PackageManager( 1590): No files in app dir /vendor/app
I/installd( 1426): new connection
I/Installer( 1590): connecting...
D/dalvikvm( 1590): GC_CONCURRENT freed 291K, 5% free 10923K/11399K, paused 2ms+3ms
D/dalvikvm( 1590): GC_CONCURRENT freed 167K, 3% free 11198K/11527K, paused 2ms+3ms
I/PackageManager( 1590): Time to scan packages: 4.043 seconds
W/PackageManager( 1590): Unknown permission com.android.vending.permission.UPDATE_MARKET_FAILURE in package com.android.vending.updater
W/PackageManager( 1590): Not granting permission android.permission.DEVICE_POWER to package com.tencent.qq (protectionLevel=2 flags=0xac44)
W/PackageManager( 1590): Unknown permission com.tencent.permission.QUICK_OPTIMIZE in package com.tencent.qq
W/PackageManager( 1590): Unknown permission com.tencent.permission.VIRUS_SCAN in package com.tencent.qq
W/PackageManager( 1590): Unknown permission android.permission.ADD_SYSTEM_SERVICE in package com.android.phone
W/PackageManager( 1590): Unknown permission com.android.vending.billing.IBillingAccountService.BIND2 in package com.google.android.gsf.login
W/PackageManager( 1590): Not granting permission android.permission.SEND_DOWNLOAD_COMPLETED_INTENTS to package com.android.browser (protectionLevel=2 flags=0x9be45)
W/PackageManager( 1590): Not granting permission android.permission.DEVICE_POWER to package com.tencent.mobileqq (protectionLevel=2 flags=0xbe44)
W/PackageManager( 1590): Unknown permission android.permission.READ_OWNER_DATA in package com.google.android.setupwizard
W/PackageManager( 1590): Unknown permission android.permission.WRITE_OWNER_DATA in package com.google.android.setupwizard
W/PackageManager( 1590): Unknown permission android.permission.READ_EXTERNAL_STORAGE in package com.android.videoeditor
W/PackageManager( 1590): Not granting permission com.google.android.gm.permission.READ_GMAIL to package com.google.android.apps.uploader (protectionLevel=2 flags=0x8be45)
W/PackageManager( 1590): Unknown permission com.google.android.voicesearch.SHORTCUTS_ACCESS in package com.google.android.googlequicksearchbox
W/PackageManager( 1590): Unknown permission android.permission.READ_EXTERNAL_STORAGE in package com.android.vending
W/PackageManager( 1590): Not granting permission android.permission.SEND_DOWNLOAD_COMPLETED_INTENTS to package com.android.vending (protectionLevel=2 flags=0xabe45)
W/PackageManager( 1590): Not granting permission android.permission.ACCOUNT_MANAGER to package com.google.android.music (protectionLevel=2 flags=0x8be65)
W/PackageManager( 1590): Unknown permission com.google.android.voicesearch.AUDIO_FILE_ACCESS in package com.google.android.gm
W/PackageManager( 1590): Unknown permission com.android.providers.im.permission.READ_ONLY in package com.google.android.apps.maps
W/PackageManager( 1590): Not granting permission android.permission.DEVICE_POWER to package com.android.deskclock (protectionLevel=2 flags=0x8be45)
W/PackageManager( 1590): Not granting permission android.permission.DEVICE_POWER to package com.android.facelock (protectionLevel=2 flags=0x8be45)
W/PackageManager( 1590): Unknown permission android.permission.VIBRATION in package com.baidu.input
D/dalvikvm( 1590): GC_EXPLICIT freed 415K, 5% free 11219K/11783K, paused 3ms+4ms
I/SystemServer( 1590): Account Manager
D/PackageManager( 1590): generateServicesMap(android.accounts.AccountAuthenticator): 3 services unchanged
I/SystemServer( 1590): Content Manager
I/        ( 1514): odm_disp_cabc_thread running
I/        ( 1514): odm_disp_cabc_thread is restarting err_cnt=1
D/PackageManager( 1590): generateServicesMap(android.content.SyncAdapter): 9 services unchanged
I/ActivityThread( 1590): Pub settings: com.android.providers.settings.SettingsProvider
I/SystemServer( 1590): System Content Providers
D/SettingsProvider( 1590): cache for settings table 'secure' rows=47; fullycached=true
D/SettingsProvider( 1590): cache for settings table 'system' rows=57; fullycached=true
D/dalvikvm( 1590): GC_CONCURRENT freed 294K, 5% free 11433K/11911K, paused 2ms+2ms
D/lights  ( 1590): RGB: "battery", color=0xffffff00, flash=0, onMs/offMs=0/0 => blink=0, RGB=255 255 0
I/SystemServer( 1590): Lights Service
I/SystemServer( 1590): Battery Service
I/SystemServer( 1590): Vibrator Service
D/lights  ( 1590): Switching to BRIGHTNESS_MODE_SENSOR
D/lights  ( 1590): LCD: SENSOR, 0 * 1.00 => 0
I/power   ( 1590): *** set_screen_state 1
D/AlarmManagerService( 1590): Kernel timezone updated to -480 minutes west of GMT
D/lights  ( 1590): LCD: SENSOR, 102 * 1.00 => 102
I/SystemServer( 1590): Alarm Manager
I/SystemServer( 1590): Init Watchdog
I/SystemServer( 1590): Window Manager
I/InputManager( 1590): Initializing input manager
W/StatusBarManager( 1590): warning: no STATUS_BAR_SERVICE
I/InputManager( 1590): Starting input manager
I/WindowManager( 1590): Enabled StrictMode for PolicyThread's Looper
I/WindowManager( 1590): Enabled StrictMode logging for WMThread's Looper
I/SystemServer( 1590): Bluetooth Service
I/BluetoothProfileState( 1590): Message:Entering Stable State
I/BluetoothProfileState( 1590): Message:Entering Stable State
I/BluetoothProfileState( 1590): Message:Entering Stable State
I/SystemServer( 1590): Input Method Service
W/InputManagerService( 1590): Couldn't create dir.: /data/system/inputmethod
D/EventHub( 1590): No input device configuration file found for device 'compass'.
D/PermissionCache( 1421): checking android.permission.ACCESS_SURFACE_FLINGER for uid=1000 => granted (217 us)
I/SystemServer( 1590): Accessibility Manager
I/ActivityManager( 1590): Config changed: {1.0 0mcc0mnc zh_CN layoutdir=0 sw360dp w360dp h614dp nrml long port ?uimode ?night -touch -keyb/v/h -nav/h s.2}
I/SystemServer( 1590): Device Policy
I/SystemServer( 1590): Status Bar
I/SystemServer( 1590): Clipboard Service
I/SystemServer( 1590): NetworkManagement Service
I/SystemServer( 1590): Text Service Manager Service
I/SystemServer( 1590): NetworkStats Service
I/SystemServer( 1590): NetworkPolicy Service
I/SystemServer( 1590): Wi-Fi P2pService
I/SystemServer( 1590): Wi-Fi Service
E/CommandListener( 1418): Failed to open /proc/sys/net/ipv6/conf/eth0/disable_ipv6: No such file or directory
E/WifiStateMachine( 1590): Failed to disable IPv6: java.lang.IllegalStateException: Unable to communicate to native daemon for disabling ipv6
I/SystemServer( 1590): Connectivity Service
D/ConnectivityService( 1590): ConnectivityService starting up
E/ConnectivityService( 1590): Ignoring protectedNetwork 10
E/ConnectivityService( 1590): Ignoring protectedNetwork 11
E/ConnectivityService( 1590): Ignoring protectedNetwork 12
E/MobileDataStateTracker( 1590): default: Ignoring feature request because could not acquire PhoneService
E/MobileDataStateTracker( 1590): default: Could not enable APN type "default"
D/EventHub( 1590): No input device configuration file found for device 'als'.
D/NetworkManagementService( 1590): Registering observer
D/NetworkManagementService( 1590): Registering observer
I/WifiService( 1590): WifiService starting up with Wi-Fi enabled
I/SystemServer( 1590): Throttle Service
I/SystemServer( 1590): Mount Service
D/MountService( 1590): got storage path: /mnt/sdcard description: 内部存储空间 primary: true removable: true emulated: false mtpReserve: 0 allowMassStorage: true maxFileSize: 0
D/MountService( 1590): got storage path: /mnt/sdcard-ext description: SD 卡 primary: false removable: false emulated: false mtpReserve: 0 allowMassStorage: true maxFileSize: 0
I/SystemServer( 1590): Notification Manager
I/SystemServer( 1590): Device Storage Monitor
I/SystemServer( 1590): Location Manager
I/SystemServer( 1590): Country Detector
I/SystemServer( 1590): Search Service
I/SystemServer( 1590): DropBox Service
D/VoldCmdListener( 1416): volume list
I/SystemServer( 1590): Wallpaper Service
I/SystemServer( 1590): Audio Service
D/EventHub( 1590): No input device configuration file found for device 'proximity'.
D/dalvikvm( 1590): GC_CONCURRENT freed 420K, 5% free 11658K/12231K, paused 2ms+3ms
I/PackageManager( 1590): Updating external media status from unmounted to unmounted
D/MountService( 1590): volume state changed for /mnt/sdcard-ext (null -> unmounted)
D/MountService( 1590): volume state changed for /mnt/sdcard (null -> unmounted)
D/MountService( 1590): volume state changed for /mnt/usbdisk_1.0 (null -> removed)
D/AudioHardwareMot( 1424): setVoiceVolume(0.800000) Setting in-call volume to 6 (available range is 0 to 7)
