D/AudioMgrRIL( 1424): setting volume, volume = 6
D/MountService( 1590): volume state changed for /mnt/usbdisk_1.1 (null -> removed)
D/MountService( 1590): volume state changed for /mnt/usbdisk_1.2 (null -> removed)
D/MountService( 1590): volume state changed for /mnt/usbdisk_1.3 (null -> removed)
D/MountService( 1590): volume state changed for /mnt/usbdisk_1.4 (null -> removed)
D/MountService( 1590): volume state changed for /mnt/usbdisk_1.5 (null -> removed)
D/MountService( 1590): volume state changed for /mnt/usbdisk_1.6 (null -> removed)
D/MountService( 1590): volume state changed for /mnt/usbdisk_1.7 (null -> removed)
D/AudioHardwareMot( 1424): AudioHardwareMot Mic Unmuted
D/AudioHardwareMot( 1424): bufSize = 8192
I/SystemServer( 1590): Dock Observer
I/SystemServer( 1590): Wired Accessory Observer
I/SystemServer( 1590): USB Service
I/SystemServer( 1590): UI Mode Manager Service
I/SystemServer( 1590): Backup Service
D/EventHub( 1590): No input device configuration file found for device 'accelerometer'.
V/BackupManagerService( 1590): Initializing package tracking
V/BackupManagerService( 1590): No ancestral data
V/BackupManagerService( 1590): addPackageParticipantsLocked: null
I/BackupManagerService( 1590): New app android never backed up; scheduling
I/BackupManagerService( 1590): New app com.android.browser never backed up; scheduling
I/BackupManagerService( 1590): New app com.android.calendar never backed up; scheduling
E/filemap ( 1590): mmap(0,4096) failed: No such device
I/BackupManagerService( 1590): New app com.android.inputmethod.latin never backed up; scheduling
I/EventHub( 1590): New device: id=5, fd=127, path='/dev/input/event2', name='qtouch-obp-ts', classes=0x15, configuration='/system/usr/idc/qtouch-obp-ts.idc', keyLayout='/system/usr/keylayout/qtouch-obp-ts.kl', keyCharacterMap='/system/usr/keychars/Generic.kcm', builtinKeyboard=false
I/BackupManagerService( 1590): New app com.android.providers.settings never backed up; scheduling
E/EventHub( 1590): could not get driver version for /dev/input/mice, Not a typewriter
I/BackupManagerService( 1590): New app com.android.providers.userdictionary never backed up; scheduling
I/BackupManagerService( 1590): New app com.android.sharedstoragebackup never backed up; scheduling
I/BackupManagerService( 1590): New app com.android.vending never backed up; scheduling
I/BackupManagerService( 1590): New app com.google.android.gm never backed up; scheduling
D/EventHub( 1590): No input device configuration file found for device 'cpcap-key'.
I/EventHub( 1590): New device: id=6, fd=170, path='/dev/input/event0', name='cpcap-key', classes=0x1, configuration='', keyLayout='/system/usr/keylayout/cpcap-key.kl', keyCharacterMap='/system/usr/keychars/Generic.kcm', builtinKeyboard=false
V/BackupManagerService( 1590): Registering transport android/com.android.internal.backup.LocalTransport = com.android.internal.backup.LocalTransport@415d1258
V/BackupManagerService( 1590): Starting with transport com.google.android.backup/.BackupTransportService
V/BackupManagerService( 1590): Google transport not present
I/BackupManagerService( 1590): Found stale backup journal, scheduling
I/BackupManagerService( 1590):   android
I/BackupManagerService( 1590):   com.android.browser
I/BackupManagerService( 1590):   com.android.calendar
I/BackupManagerService( 1590):   com.android.inputmethod.latin
I/BackupManagerService( 1590):   com.android.providers.settings
I/BackupManagerService( 1590):   com.android.providers.userdictionary
I/BackupManagerService( 1590):   com.android.sharedstoragebackup
I/BackupManagerService( 1590):   com.android.vending
I/BackupManagerService( 1590):   com.google.android.gm
I/BackupManagerService( 1590): Backup enabled => false
I/BackupManagerService( 1590): Opting out of backup
I/SystemServer( 1590): AppWidget Service
I/SystemServer( 1590): Recognition Service
I/SystemServer( 1590): DiskStats Service
I/SystemServer( 1590): SamplingProfiler Service
I/SystemServer( 1590): NetworkTimeUpdateService
D/EventHub( 1590): No input device configuration file found for device 'tegra-kbc'.
I/EventHub( 1590): New device: id=7, fd=171, path='/dev/input/event1', name='tegra-kbc', classes=0x1, configuration='', keyLayout='/system/usr/keylayout/tegra-kbc.kl', keyCharacterMap='/system/usr/keychars/Generic.kcm', builtinKeyboard=false
I/InputReader( 1590): Device added: id=7, name='tegra-kbc', sources=0x00000101
I/InputReader( 1590): Device added: id=6, name='cpcap-key', sources=0x00000101
I/InputReader( 1590):   Touch device 'qtouch-obp-ts' could not query the properties of its associated display 0.  The device will be inoperable until the display size becomes available.
I/InputReader( 1590): Device added: id=5, name='qtouch-obp-ts', sources=0x00001103
I/InputReader( 1590): Reconfiguring input devices.  changes=0x00000004
I/InputReader( 1590): Device reconfigured: id=5, name='qtouch-obp-ts', surface size is now 540x960, mode is 1
I/ActivityManager( 1590): Config changed: {1.0 0mcc0mnc zh_CN layoutdir=0 sw360dp w360dp h614dp nrml long port ?uimode ?night finger -keyb/v/h -nav/h s.3}
I/WindowManager( 1590): SAFE MODE not enabled
D/dalvikvm( 1590): JIT started for system_server
D/lights  ( 1590): buttons: USER, 255
D/lights  ( 1590): LCD: SENSOR, 101 * 1.00 => 101
D/PowerManagerService( 1590): system ready!
D/lights  ( 1590): LCD: SENSOR, 100 * 1.00 => 100
I/ActivityManager( 1590): System now ready
I/Zygote  ( 1590): Process: zygote socket opened
I/SystemServer( 1590): Making services ready
D/SystemServer( 1590): Starting service: Intent { cmp=com.android.systemui/.SystemUIService }
I/ActivityManager( 1590): Start proc com.android.systemui for service com.android.systemui/.SystemUIService: pid=1662 uid=1000 gids={1015, 3002, 3001, 3003}
D/NetworkManagementService( 1590): not enabling bandwidth control
W/NetworkStats( 1590): problem reading network stats: java.lang.IllegalStateException: problem parsing idx 1
D/NetworkManagementService( 1590): Registering observer
D/lights  ( 1590): LCD: SENSOR, 99 * 1.00 => 99
D/dalvikvm( 1590): GC_CONCURRENT freed 495K, 6% free 11841K/12487K, paused 2ms+8ms
D/lights  ( 1590): LCD: SENSOR, 98 * 1.00 => 98
D/NetworkManagementService( 1590): Registering observer
I/ActivityManager( 1590): Config changed: {1.0 0mcc0mnc zh_CN layoutdir=0 sw360dp w360dp h614dp nrml long port finger -keyb/v/h -nav/h s.4}
D/lights  ( 1590): LCD: SENSOR, 97 * 1.00 => 97
D/dalvikvm( 1590): GC_FOR_ALLOC freed 50K, 6% free 12060K/12743K, paused 31ms
D/lights  ( 1590): LCD: SENSOR, 96 * 1.00 => 96
D/dalvikvm( 1590): GC_FOR_ALLOC freed 2K, 6% free 12266K/12999K, paused 31ms
D/SystemUIService( 1662): loading: class com.android.systemui.statusbar.phone.PhoneStatusBar
D/SystemUIService( 1662): running: com.android.systemui.statusbar.phone.PhoneStatusBar@4130e608
V/TransportControlView( 1590): Create TCV com.android.internal.widget.TransportControlView@4158e590
D/KeyguardStatusView( 1590): lunar : 农历一月廿四
D/KeyguardStatusView( 1590): lunar : 农历一月廿四
D/lights  ( 1590): LCD: SENSOR, 95 * 1.00 => 95
W/RecognitionManagerService( 1590): no available voice recognition services found
I/ActivityManager( 1590): Start proc com.google.android.gsf.login for service com.google.android.gsf.login/com.google.android.gsf.loginservice.GoogleLoginService: pid=1683 uid=10054 gids={3003, 1015, 1007, 2001, 3006}
D/lights  ( 1590): LCD: SENSOR, 94 * 1.00 => 94
D/dalvikvm( 1662): GC_CONCURRENT freed 114K, 4% free 9362K/9671K, paused 2ms+2ms
D/lights  ( 1590): LCD: SENSOR, 93 * 1.00 => 93
D/lights  ( 1590): RGB: "attention", color=0x00ffffff, flash=2, onMs/offMs=7/1000 => blink=1, RGB=255 255 255
I/PowerWidget( 1662): Clearing any old widget stuffs
I/PowerWidget( 1662): Setting up widget
I/PowerWidget( 1662): Button list: toggleWifi|toggleBluetooth|toggleGPS|toggleSound|toggleWifiAp|toggleWimax|toggleBrightness|toggleSync|toggleAutoRotate|toggleScreenTimeout|toggleMobileData|toggleLockScreen|toggleAirplane|toggleMediaPlayPause|toggleMediaNext|toggleMediaPrevious|toggleSleepMode
I/PowerWidget( 1662): Setting up button: toggleWifi
D/lights  ( 1590): LCD: SENSOR, 92 * 1.00 => 92
D/lights  ( 1590): LCD: SENSOR, 91 * 1.00 => 91
I/PowerWidget( 1662): Setting up button: toggleBluetooth
I/PowerWidget( 1662): Setting up button: toggleGPS
I/PowerWidget( 1662): Setting up button: toggleSound
I/ActivityManager( 1590): Start proc com.google.process.gapps for content provider com.google.android.gsf/.gservices.GservicesProvider: pid=1699 uid=10054 gids={3003, 1015, 1007, 2001, 3006}
D/lights  ( 1590): LCD: SENSOR, 90 * 1.00 => 90
I/ActivityManager( 1590): Start proc android.process.media for broadcast com.android.providers.media/.UsbReceiver: pid=1713 uid=10015 gids={1015, 1023, 1024, 2001, 3003, 3007}
D/lights  ( 1590): LCD: SENSOR, 89 * 1.00 => 89
I/PowerWidget( 1662): Setting up button: toggleWifiAp
I/PowerWidget( 1662): Setting up button: toggleWimax
E/PowerWidget( 1662): Error setting up button: toggleWimax
I/PowerWidget( 1662): Setting up button: toggleBrightness
D/SoftapController( 1418): Softap fwReload - Ok
D/CommandListener( 1418): Setting iface cfg
D/CommandListener( 1418): Trying to bring down eth0
D/CommandListener( 1418): broadcast flag ignored
D/CommandListener( 1418): multicast flag ignored
D/NetworkManagementService( 1590): rsp <213 00:90:4c:11:22:33 0.0.0.0 0 [down broadcast multicast]>
D/NetworkManagementService( 1590): flags <[down broadcast multicast]>
I/ActivityThread( 1699): Pub com.google.settings: com.google.android.gsf.settings.GoogleSettingsProvider
I/PowerWidget( 1662): Setting up button: toggleSync
I/SyncButton( 1662): Registering sync state listener
I/PowerWidget( 1662): Setting up button: toggleAutoRotate
I/PowerWidget( 1662): Setting up button: toggleScreenTimeout
D/lights  ( 1590): LCD: SENSOR, 88 * 1.00 => 88
I/PowerWidget( 1662): Setting up button: toggleMobileData
I/PowerWidget( 1662): Setting up button: toggleLockScreen
I/PowerWidget( 1662): Setting up button: toggleAirplane
I/PowerWidget( 1662): Setting up button: toggleMediaPlayPause
I/PowerWidget( 1662): Setting up button: toggleMediaNext
I/PowerWidget( 1662): Setting up button: toggleMediaPrevious
I/PowerWidget( 1662): Setting up button: toggleSleepMode
E/PowerWidget( 1662): loading brightnessAdjView
I/ActivityThread( 1713): Pub media: com.android.providers.media.MediaProvider
D/lights  ( 1590): LCD: SENSOR, 87 * 1.00 => 87
I/wpa_supplicant( 1729): rfkill: Cannot open RFKILL control device
D/lights  ( 1590): LCD: SENSOR, 86 * 1.00 => 86
I/ActivityThread( 1713): Pub downloads: com.android.providers.downloads.DownloadProvider
D/lights  ( 1590): LCD: SENSOR, 85 * 1.00 => 85
I/ActivityThread( 1699): Pub subscribedfeeds: com.google.android.gsf.subscribedfeeds.SubscribedFeedsProvider
I/DownloadManager( 1713): in removeSpuriousFiles
I/ActivityThread( 1713): Pub drm: com.android.providers.drm.DrmProvider
D/lights  ( 1590): LCD: SENSOR, 84 * 1.00 => 84
I/ActivityThread( 1699): Pub com.google.contacts.gal.provider: com.google.android.syncadapters.contacts.GalProvider
I/ActivityManager( 1590): Start proc com.android.settings for broadcast com.android.settings/.widget.SettingsAppWidgetProvider: pid=1737 uid=1000 gids={1015, 3002, 3001, 3003}
D/lights  ( 1590): LCD: SENSOR, 83 * 1.00 => 83
D/lights  ( 1590): LCD: SENSOR, 82 * 1.00 => 82
I/ActivityThread( 1699): Pub com.google.android.gsf.gservices: com.google.android.gsf.gservices.GservicesProvider
I/GservicesProvider( 1699): Gservices pushing to system: true; secure: true
I/ActivityThread( 1699): Pub com.google.android.providers.talk: com.google.android.gsf.talk.TalkProvider
D/lights  ( 1590): LCD: SENSOR, 81 * 1.00 => 81
D/lights  ( 1590): LCD: SENSOR, 80 * 1.00 => 80
D/dalvikvm( 1662): GC_CONCURRENT freed 109K, 3% free 9800K/10055K, paused 2ms+2ms
D/dalvikvm( 1699): GC_CONCURRENT freed 350K, 6% free 9237K/9735K, paused 3ms+3ms
D/lights  ( 1590): LCD: SENSOR, 79 * 1.00 => 79
I/DownloadManager( 1713): deleting spurious file /cache/dalvik-cache
I/PowerWidget( 1662): Clearing any old widget stuffs
I/SyncButton( 1662): Unregistering sync state listener
I/PowerWidget( 1662): Setting up widget
D/lights  ( 1590): LCD: SENSOR, 78 * 1.00 => 78
I/PowerWidget( 1662): Button list: toggleWifi|toggleBluetooth|toggleGPS|toggleSound|toggleWifiAp|toggleWimax|toggleBrightness|toggleSync|toggleAutoRotate|toggleScreenTimeout|toggleMobileData|toggleLockScreen|toggleAirplane|toggleMediaPlayPause|toggleMediaNext|toggleMediaPrevious|toggleSleepMode
I/PowerWidget( 1662): Setting up button: toggleWifi
I/PowerWidget( 1662): Setting up button: toggleBluetooth
D/SyncManager( 1590): setSyncAutomatically: , provider subscribedfeeds -> true
D/SyncManager( 1590): setSyncAutomatically: already set to true, doing nothing
D/lights  ( 1590): LCD: SENSOR, 77 * 1.00 => 77
I/PowerWidget( 1662): Setting up button: toggleGPS
I/PowerWidget( 1662): Setting up button: toggleSound
D/lights  ( 1590): LCD: SENSOR, 76 * 1.00 => 76
I/PowerWidget( 1662): Setting up button: toggleWifiAp
I/PowerWidget( 1662): Setting up button: toggleWimax
E/PowerWidget( 1662): Error setting up button: toggleWimax
I/PowerWidget( 1662): Setting up button: toggleBrightness
I/PowerWidget( 1662): Setting up button: toggleSync
I/SyncButton( 1662): Registering sync state listener
I/PowerWidget( 1662): Setting up button: toggleAutoRotate
I/PowerWidget( 1662): Setting up button: toggleScreenTimeout
I/PowerWidget( 1662): Setting up button: toggleMobileData
I/PowerWidget( 1662): Setting up button: toggleLockScreen
I/PowerWidget( 1662): Setting up button: toggleAirplane
D/lights  ( 1590): LCD: SENSOR, 75 * 1.00 => 75
I/PowerWidget( 1662): Setting up button: toggleMediaPlayPause
I/PowerWidget( 1662): Setting up button: toggleMediaNext
I/PowerWidget( 1662): Setting up button: toggleMediaPrevious
I/PowerWidget( 1662): Setting up button: toggleSleepMode
E/PowerWidget( 1662): loading brightnessAdjView
D/lights  ( 1590): LCD: SENSOR, 74 * 1.00 => 74
D/dalvikvm( 1590): GC_CONCURRENT freed 298K, 5% free 12714K/13255K, paused 3ms+3ms
D/lights  ( 1590): LCD: SENSOR, 73 * 1.00 => 73
I/StatusBarManagerService( 1590): registerStatusBar bar=com.android.internal.statusbar.IStatusBar$Stub$Proxy@4141bf20
D/PhoneStatusBar( 1662): disable: < expand icons alerts ticker system_info BACK* HOME* RECENT* CLOCK* >
D/lights  ( 1590): LCD: SENSOR, 72 * 1.00 => 72
D/StorageNotification( 1662): Startup with UMS connection false (media state unmounted)
I/StorageNotification( 1662): UMS connection changed to false (media state unmounted)
D/SystemUIService( 1662): loading: class com.android.systemui.power.PowerUI
D/SystemUIService( 1662): running: com.android.systemui.power.PowerUI@413df218
D/lights  ( 1590): LCD: SENSOR, 71 * 1.00 => 71
D/lights  ( 1590): LCD: SENSOR, 70 * 1.00 => 70
D/lights  ( 1590): LCD: SENSOR, 69 * 1.00 => 69
I/ActivityManager( 1590): Start proc com.android.noisefield for service com.android.noisefield/.NoiseFieldWallpaper: pid=1756 uid=10030 gids={}
W/InputManagerService( 1590): Ignoring setImeWindowStatus of uid 1000 token: null
D/dalvikvm( 1662): GC_CONCURRENT freed 290K, 5% free 9968K/10439K, paused 16ms+3ms
D/lights  ( 1590): LCD: SENSOR, 68 * 1.00 => 68
D/lights  ( 1590): LCD: SENSOR, 67 * 1.00 => 67
I/ActivityManager( 1590): Start proc com.baidu.input for service com.baidu.input/.ImeService: pid=1768 uid=10070 gids={3003, 1015, 1007}
I/dalvikvm( 1768): Turning on JNI app bug workarounds for target SDK version 8...
I/LocationManagerService( 1590): Setting GPS Source to: 0
D/NetworkManagementService( 1590): Registering observer
D/lights  ( 1590): LCD: SENSOR, 66 * 1.00 => 66
I/ActivityManager( 1590): Start proc com.android.phone for added application com.android.phone: pid=1788 uid=1001 gids={3002, 3001, 3003, 1015}
I/ActivityManager( 1590): START {act=android.intent.action.MAIN cat=[android.intent.category.HOME] flg=0x10000000 cmp=com.cyanogenmod.trebuchet/.Launcher} from pid 0
D/lights  ( 1590): LCD: SENSOR, 65 * 1.00 => 65
D/lights  ( 1590): LCD: SENSOR, 64 * 1.00 => 64
D/libgps_ext( 1590): gps_get_hardware_interface() : gps get interface
I/ActivityManager( 1590): Start proc com.cyanogenmod.trebuchet for activity com.cyanogenmod.trebuchet/.Launcher: pid=1803 uid=10045 gids={}
I/SystemServer( 1590): Enabled StrictMode for system server main thread.
D/dalvikvm( 1422): GC_EXPLICIT freed 34K, 5% free 9082K/9475K, paused 1ms+4ms
D/LocalBluetoothProfileManager( 1737): LocalBluetoothProfileManager construction complete
D/libgps  ( 1590): libgps_get_interface() : returning interface
D/dalvikvm( 1422): GC_EXPLICIT freed <1K, 5% free 9082K/9475K, paused 1ms+2ms
W/ThrottleService( 1590): unable to find stats for iface ppp0
D/libgps_ext( 1590): gps_get_hardware_interface(): returning interface
I/libgps  ( 1590): GpsInterface_get_extension() : Returned "gps-xtra" extension
I/libgps  ( 1590): GpsInterface_get_extension() : Extension "agps" not supported
I/libgps  ( 1590): GpsInterface_get_extension() : Extension "gps-ni" not supported
I/libgps  ( 1590): GpsInterface_get_extension() : Extension "gps-debug" not supported
I/libgps  ( 1590): GpsInterface_get_extension() : Extension "agps_ril" not supported
W/NetworkManagementSocketTagger( 1590): setKernelCountSet(10045, 1) failed with errno -2
D/dalvikvm( 1422): GC_EXPLICIT freed <1K, 5% free 9082K/9475K, paused 2ms+3ms
D/dalvikvm( 1662): GC_FOR_ALLOC freed 32K, 4% free 10229K/10631K, paused 19ms
D/dalvikvm( 1768): Trying to load lib /data/data/com.baidu.input/lib/libinputcore-2_v11.so 0x412dcdc8
D/dalvikvm( 1768): Added shared lib /data/data/com.baidu.input/lib/libinputcore-2_v11.so 0x412dcdc8
E/dalvikvm( 1768): ERROR: couldn't find native method
E/dalvikvm( 1768): Requested: Lcom/baidu/input/PlumCore;.PlGetSysver:()I
I/ActivityThread( 1803): Pub com.cyanogenmod.trebuchet.settings: com.cyanogenmod.trebuchet.LauncherProvider
D/libgps  ( 1590): GpsInterface_init()
D/dalvikvm( 1662): GC_FOR_ALLOC freed 19K, 4% free 10553K/10887K, paused 21ms
I/ActivityThread( 1788): Pub telephony: com.android.providers.telephony.TelephonyProvider
D/NetworkLocationService( 1699): onCreate com.google.android.location.NetworkLocationService@412f4b18
D/lights  ( 1590): RGB: "attention", color=0x00ffffff, flash=0, onMs/offMs=0/0 => blink=0, RGB=255 255 255
D/lights  ( 1590): RGB: "attention", LED is blinking, turning off - the framework probably meant it
I/wpa_supplicant( 1729): eth0: Trying to associate with 00:27:19:32:71:ae (SSID='TP-LINK_3271MM' freq=2412 MHz)
D/NetworkLocationClient( 1699): ANDROID minProtocolVersion 1 maxProtocolVersion 1 releaseVersion -1
D/NetworkLocationClient( 1699): binding to Intent { act=com.google.android.location.internal.ANDROID_NLP }
W/TelephonyProvider( 1788): onCreate: confFile=/system/etc/apns-conf.xml oldCheckSum=-1
I/ActivityThread( 1788): Pub icc: com.android.phone.IccProvider
I/ActivityThread( 1788): Pub mms: com.android.providers.telephony.MmsProvider
I/ActivityThread( 1788): Pub sms: com.android.providers.telephony.SmsProvider
D/GpsLocationProvider( 1590): set_capabilities_callback: 0
E/GpsLocationProvider( 1590): no AGPS interface in agps_data_conn_open
I/ActivityThread( 1788): Pub mms-sms: com.android.providers.telephony.MmsSmsProvider
I/wpa_supplicant( 1729): eth0: Associated with 00:27:19:32:71:ae
I/wpa_supplicant( 1729): eth0: CTRL-EVENT-CONNECTED - Connection to 00:27:19:32:71:ae completed (auth) [id=0 id_str=]
D/dalvikvm( 1699): GC_CONCURRENT freed 451K, 7% free 9277K/9927K, paused 3ms+9ms
D/NetworkLocationService( 1699): onBind com.google.android.location.NetworkLocationProvidercom.google.android.location.NetworkLocationService@412f4b18
D/NetworkLocationService( 1699): onBind com.google.android.location.GeocodeProvidercom.google.android.location.NetworkLocationService@412f4b18
V/RenderScript( 1756): rsContextCreateGL dev=0x18f608
V/RenderScript( 1756): 0x1b6bf0 Launching thread(s), CPUs 2
V/RenderScript( 1756): 0x1b6bf0 initEGL start
D/libEGL  ( 1756): loaded /system/lib/egl/libGLES_android.so
D/libEGL  ( 1756): loaded /system/lib/egl/libEGL_tegra.so
D/libEGL  ( 1756): loaded /system/lib/egl/libGLESv1_CM_tegra.so
D/dalvikvm( 1788): GC_CONCURRENT freed 285K, 6% free 9245K/9735K, paused 2ms+27ms
D/libEGL  ( 1756): loaded /system/lib/egl/libGLESv2_tegra.so
V/RenderScript( 1756): 0x1b6bf0 initGLThread end
V/RenderScript( 1756): 0x1b6bf0 rsContextCreateGL ret
D/dalvikvm( 1662): GC_CONCURRENT freed 22K, 3% free 10992K/11271K, paused 4ms+2ms
D/dalvikvm( 1803): GC_CONCURRENT freed 253K, 5% free 9210K/9671K, paused 11ms+1ms
D/androidInternalNlpService( 1699): onCreate com.google.android.location.internal.server.NetworkLocationService@41323b18
D/NetworkLocationRealOs( 1699): NLPv2 file already exists; ignoring any NLPv1 files
D/androidNlpServiceThread( 1699): ANDROID minProtocolVersion 1 maxProtocolVersion 1 releaseVersion -1
I/ActivityManager( 1590): Start proc com.android.smspush for service com.android.smspush/.WapPushManager: pid=1857 uid=10049 gids={}
D/dalvikvm( 1590): GC_EXPLICIT freed 575K, 6% free 12906K/13639K, paused 4ms+5ms
D/CAT     ( 1788): CatService: Is running
D/CAT     ( 1788): CatService: NEW sInstance
V/ScriptC ( 1756): Create script for resource = noisefield
I/bcc     ( 1756): LIBBCC build time: 2012/02/14 00:57:27
I/bcc     ( 1756): LIBBCC build revision: 31e50d678d2a8aa28c6f38cccebfa3da2f78df4a (git)
D/NetworkLocationClient( 1699): onServiceConnected to ComponentInfo{com.google.android.location/com.google.android.location.internal.server.NetworkLocationService}
D/WifiService( 1590): New client listening to asynchronous messages
D/StopWatch( 1756): StopWatch calcFileSHA1 time (us): 63431 
D/dalvikvm( 1699): GC_CONCURRENT freed 346K, 6% free 9453K/9991K, paused 2ms+1ms
D/StopWatch( 1756): StopWatch calcFileSHA1 time (us): 64994 
D/bcc     ( 1756): Read object file size 5780
D/StopWatch( 1756): StopWatch bcc: PrepareExecutable time (us): 62308 
D/dalvikvm( 1699): GC_CONCURRENT freed 157K, 4% free 9813K/10119K, paused 4ms+2ms
E/TelephonyProvider( 1788): Failed setting numeric '46003' to the current operator
D/MccTable( 1788): updateMccMncConfiguration: mcc=460, mnc=3
D/MccTable( 1788): locale set to zh_cn
D/MccTable( 1788): WIFI_COUNTRY_CODE set to cn
D/dalvikvm( 1788): GC_CONCURRENT freed 297K, 5% free 9377K/9863K, paused 2ms+15ms
I/WifiService( 1590): WifiService trying to set country code to cn with persist set to true
I/ActivityManager( 1590): Config changed: {1.0 460mcc3mnc zh_CN layoutdir=0 sw360dp w360dp h614dp nrml long port finger -keyb/v/h -nav/h s.5}
D/dalvikvm( 1803): GC_CONCURRENT freed 184K, 4% free 9544K/9927K, paused 3ms+2ms
I/wpa_supplicant( 1729): eth0: CTRL-EVENT-DISCONNECTED bssid=00:27:19:32:71:ae reason=0
D/CommandListener( 1418): Clearing all IP addresses on eth0
D/androidNetworkLocationListeners( 1699): Still have listener com.google.android.location.internal.client.NetworkLocationClient$1@41353760
D/NetworkLocator( 1699): null cell state delivered
I/SearchManagerService( 1590): Building list of searchable activities
D/CallManager( 1788): registerPhone(CDMA Handler (com.android.internal.telephony.PhoneProxy) {41327088})
D/NetworkLocator( 1699): null cell state delivered
D/Bluetooth HS/HF( 1788): CDMA call state: IDLE prev state:IDLE
I/ActivityManager( 1590): Start proc android.process.acore for content provider com.android.providers.contacts/.CallLogProvider: pid=1910 uid=10000 gids={3003, 1015}
D/AudioHardwareMot( 1424): bufSize = 8192
D/AudioHardwareMot( 1424): bufSize = 8192
W/ActivityManager( 1590): Unable to start service Intent { act=com.android.ussd.IExtendedNetworkService }: not found
D/OtaUtils( 1788): CdmaOtaConfigData constructor!
D/OtaUtils( 1788): CdmaOtaInCallScreenState: constructor init to UNDEFINED
I/ActivityThread( 1910): Pub com.android.voicemail: com.android.providers.contacts.VoicemailContentProvider
I/ActivityThread( 1910): Pub user_dictionary: com.android.providers.userdictionary.UserDictionaryProvider
I/ActivityThread( 1910): Pub com.android.social: com.android.providers.contacts.SocialProvider
I/ActivityThread( 1910): Pub applications: com.android.providers.applications.ApplicationsProvider
I/StorageNotification( 1662): UMS connection changed to true (media state unmounted)
D/dalvikvm( 1590): GC_CONCURRENT freed 669K, 6% free 13201K/14023K, paused 3ms+5ms
I/ActivityThread( 1910): Pub contacts;com.android.contacts: com.android.providers.contacts.ContactsProvider2
D/dalvikvm( 1910): GC_CONCURRENT freed 348K, 6% free 9238K/9735K, paused 2ms+2ms
I/PowerWidget( 1662): Clearing any old widget stuffs
I/ActivityThread( 1910): Pub call_log: com.android.providers.contacts.CallLogProvider
I/SyncButton( 1662): Unregistering sync state listener
I/PowerWidget( 1662): Setting up widget
I/PowerWidget( 1662): Button list: toggleWifi|toggleBluetooth|toggleGPS|toggleSound|toggleWifiAp|toggleWimax|toggleBrightness|toggleSync|toggleAutoRotate|toggleScreenTimeout|toggleMobileData|toggleLockScreen|toggleAirplane|toggleMediaPlayPause|toggleMediaNext|toggleMediaPrevious|toggleSleepMode
I/PowerWidget( 1662): Setting up button: toggleWifi
D/Bluetooth HSHFP( 1788): Starting BluetoothHeadsetService
I/PowerWidget( 1662): Setting up button: toggleBluetooth
I/PowerWidget( 1662): Setting up button: toggleGPS
D/CAT     ( 1788): CatService: SIM ready. Reporting STK service running now...
I/ActivityManager( 1590): Start proc com.google.android.partnersetup for broadcast com.google.android.partnersetup/.PhoneStateReceiver: pid=1935 uid=10065 gids={3003}
I/PowerWidget( 1662): Setting up button: toggleSound
I/PowerWidget( 1662): Setting up button: toggleWifiAp
I/ActivityThread( 1935): Pub com.google.android.partnersetup.rlzprovider: com.google.android.partnersetup.RlzProvider
I/PowerWidget( 1662): Setting up button: toggleWimax
I/ActivityThread( 1935): Pub com.google.android.partnersetup.rlzappprovider: com.google.android.partnersetup.RlzAppProvider
E/PowerWidget( 1662): Error setting up button: toggleWimax
I/wpa_supplicant( 1729): eth0: Trying to associate with 00:27:19:32:71:ae (SSID='TP-LINK_3271MM' freq=2412 MHz)
I/PowerWidget( 1662): Setting up button: toggleBrightness
D/dalvikvm( 1788): GC_CONCURRENT freed 355K, 6% free 9449K/9991K, paused 2ms+2ms
I/PowerWidget( 1662): Setting up button: toggleSync
I/SyncButton( 1662): Registering sync state listener
I/wpa_supplicant( 1729): eth0: Associated with 00:27:19:32:71:ae
I/wpa_supplicant( 1729): eth0: CTRL-EVENT-CONNECTED - Connection to 00:27:19:32:71:ae completed (reauth) [id=0 id_str=]
D/dalvikvm( 1662): GC_CONCURRENT freed 375K, 5% free 11181K/11719K, paused 6ms+7ms
I/PowerWidget( 1662): Setting up button: toggleAutoRotate
D/WifiLocator( 1699): Too many cache  misses. Need server request. hasLocation=0 noLocation=0 cacheMiss=2
I/System.out( 1699): [INFO:1893]: LogSource: Running flush
I/PowerWidget( 1662): Setting up button: toggleScreenTimeout
I/System.out( 1699): [INFO:1919]: LogSource: Sending payload [bytes=340]
I/PowerWidget( 1662): Setting up button: toggleMobileData
I/PowerWidget( 1662): Setting up button: toggleLockScreen
I/PowerWidget( 1662): Setting up button: toggleAirplane
I/PowerWidget( 1662): Setting up button: toggleMediaPlayPause
I/PowerWidget( 1662): Setting up button: toggleMediaNext
D/dalvikvm( 1699): GC_CONCURRENT freed 706K, 9% free 9611K/10503K, paused 5ms+2ms
I/System.out( 1699): [SEVERE:1945]: LogSource: AsyncHttpRequestImpl.run(): exception thrown : Unable to resolve host "www.google.com": No address associated with hostname: java.net.UnknownHostException
I/PowerWidget( 1662): Setting up button: toggleMediaPrevious
E/GlsClient-query( 1699): requestFailed
D/WifiLocator( 1699): Too many cache  misses. Need server request. hasLocation=0 noLocation=0 cacheMiss=2
I/PowerWidget( 1662): Setting up button: toggleSleepMode
E/PowerWidget( 1662): loading brightnessAdjView
V/SipBroadcastReceiver( 1788): start auto registration
D/CAT     ( 1788): CatService: ril message arrived
D/CAT     ( 1788): CommandParamsFactory: process SelectItem
I/ActivityManager( 1590): Start proc com.android.deskclock for broadcast com.android.deskclock/com.android.alarmclock.AnalogAppWidgetProvider: pid=1954 uid=10013 gids={}
I/ActivityThread( 1954): Pub com.android.deskclock: com.android.deskclock.AlarmProvider
D/CAT     ( 1788): CatService: SET_UP_MENU
D/CAT     ( 1788): CatService: encodeOptionalTags() Unsupported Cmd:37
D/dalvikvm( 1590): GC_FOR_ALLOC freed 863K, 8% free 13263K/14343K, paused 70ms
D/CAT     ( 1788): CatService: ril message arrived
D/CAT     ( 1788): CatService: SESSION END
D/dalvikvm( 1590): GC_CONCURRENT freed 250K, 9% free 13158K/14343K, paused 5ms+7ms
D/Launcher.Model( 1803): Reload apps on config change. curr_mcc:460 prevmcc:0
D/dalvikvm( 1910): GC_CONCURRENT freed 174K, 4% free 9480K/9863K, paused 3ms+2ms
D/dalvikvm( 1803): GC_CONCURRENT freed 242K, 5% free 9830K/10247K, paused 3ms+2ms
I/CustomSpnReader( 1788): operatorNumberic = 46003
I/CustomSpnReader( 1788): oriSpnName = 正在搜索服务
I/CustomSpnReader( 1788): Current language is : zh
E/CustomSpnReader( 1788): Config File Path : /system/etc/spn-conf.xml
I/SurfaceFlinger( 1421): Boot is finished (16936 ms)
W/ProcessStats( 1590): Skipping unknown process pid 1980
W/ProcessStats( 1590): Skipping unknown process pid 1984
W/ActivityThread( 1788): ClassLoader.getResources: The class loader returned by Thread.getContextClassLoader() may fail for processes that host multiple applications. You should explicitly specify a context class loader. For example: Thread.setContextClassLoader(getClass().getClassLoader());
D/dalvikvm( 1788): GC_CONCURRENT freed 345K, 5% free 9559K/10055K, paused 3ms+2ms
D/PowerManagerService( 1590): bootCompleted
V/DevicePolicyManagerService( 1590): Sending password expiration notifications for action android.intent.action.BOOT_COMPLETED
I/CustomSpnReader( 1788): expression : /spnOverrides/spnOverride[@numeric='46003']
W/logwrapper( 2005): Unable to background process (No such file or directory)
D/VoldCmdListener( 1416): volume mount /mnt/sdcard
I/Vold    ( 1416): /dev/block/vold/179:18 being considered for volume sdcard
D/Vold    ( 1416): Volume sdcard state changing 1 (Idle-Unmounted) -> 3 (Checking)
D/MountService( 1590): volume state changed for /mnt/sdcard (unmounted -> checking)
V/WiredAccessoryObserver( 1590): init()
D/MountService( 1590): sendStorageIntent Intent { act=android.intent.action.MEDIA_CHECKING dat=file:///mnt/sdcard (has extras) }
I//system/bin/fsck_msdos( 1416): ** /dev/block/vold/179:18
I//system/bin/fsck_msdos( 1416): ** Phase 1 - Read FAT (compare skipped)
I//system/bin/fsck_msdos( 1416): Attempting to allocate 4564 KB for FAT
W/WiredAccessoryObserver( 1590): This kernel does not have wired headset support
W/WiredAccessoryObserver( 1590): This kernel does not have wired headset support
D/ConnectivityService( 1590): ConnectivityChange for WIFI: CONNECTED/CONNECTED
I/CustomSpnReader( 1788): expression : /spnOverrides/spnOverride[@numeric='46003']/spn[@locale='zh']
I/CustomSpnReader( 1788): got customSpnName from the locale : 中国电信
I/StorageNotification( 1662): Media {/mnt/sdcard} state changed from {unmounted} -> {checking} (primary = true)
F/NetworkStats( 1590): problem reading network stats
F/NetworkStats( 1590): java.lang.IllegalStateException: problem parsing idx 1
F/NetworkStats( 1590): 	at com.android.internal.net.NetworkStatsFactory.readNetworkStatsDetail(NetworkStatsFactory.java:300)
F/NetworkStats( 1590): 	at com.android.server.NetworkManagementService.getNetworkStatsUidDetail(NetworkManagementService.java:1282)
F/NetworkStats( 1590): 	at com.android.server.net.NetworkStatsService.performPollLocked(NetworkStatsService.java:831)
F/NetworkStats( 1590): 	at com.android.server.net.NetworkStatsService.updateIfacesLocked(NetworkStatsService.java:743)
F/NetworkStats( 1590): 	at com.android.server.net.NetworkStatsService.updateIfaces(NetworkStatsService.java:721)
F/NetworkStats( 1590): 	at com.android.server.net.NetworkStatsService.access$000(NetworkStatsService.java:128)
F/NetworkStats( 1590): 	at com.android.server.net.NetworkStatsService$1.onReceive(NetworkStatsService.java:612)
F/NetworkStats( 1590): 	at android.app.LoadedApk$ReceiverDispatcher$Args.run(LoadedApk.java:728)
F/NetworkStats( 1590): 	at android.os.Handler.handleCallback(Handler.java:605)
F/NetworkStats( 1590): 	at android.os.Handler.dispatchMessage(Handler.java:92)
F/NetworkStats( 1590): 	at android.os.Looper.loop(Looper.java:137)
F/NetworkStats( 1590): 	at android.os.HandlerThread.run(HandlerThread.java:60)
F/NetworkStats( 1590): Caused by: java.io.FileNotFoundException: /proc/net/xt_qtaguid/stats: open failed: ENOENT (No such file or directory)
F/NetworkStats( 1590): 	at libcore.io.IoBridge.open(IoBridge.java:406)
F/NetworkStats( 1590): 	at java.io.FileInputStream.<init>(FileInputStream.java:78)
F/NetworkStats( 1590): 	at com.android.internal.net.NetworkStatsFactory.readNetworkStatsDetail(NetworkStatsFactory.java:269)
F/NetworkStats( 1590): 	... 11 more
F/NetworkStats( 1590): Caused by: libcore.io.ErrnoException: open failed: ENOENT (No such file or directory)
F/NetworkStats( 1590): 	at libcore.io.Posix.open(Native Method)
F/NetworkStats( 1590): 	at libcore.io.BlockGuardOs.open(BlockGuardOs.java:110)
F/NetworkStats( 1590): 	at libcore.io.IoBridge.open(IoBridge.java:390)
F/NetworkStats( 1590): 	... 13 more
D/CAT     ( 1788): CatService: Return current sInstance
D/CAT     ( 1788): StkAppService: SET_UP_MENU
D/CAT     ( 1788): StkAppService: Install App
I/ActivityManager( 1590): Start proc com.android.contacts for broadcast com.android.contacts/.calllog.CallLogReceiver: pid=2027 uid=10000 gids={3003, 1015}
D/dalvikvm( 1662): GC_CONCURRENT freed 162K, 3% free 11643K/11975K, paused 13ms+14ms
I//system/bin/fsck_msdos( 1416): ** Phase 2 - Check Cluster Chains
I//system/bin/fsck_msdos( 1416): ** Phase 3 - Checking Directories
D/dalvikvm( 1803): GC_CONCURRENT freed 310K, 6% free 9931K/10503K, paused 2ms+4ms
D/dalvikvm( 1803): GC_FOR_ALLOC freed 29K, 6% free 9931K/10503K, paused 28ms
I/dalvikvm-heap( 1803): Grow heap (frag case) to 10.168MB for 345760-byte allocation
D/dalvikvm( 1803): GC_FOR_ALLOC freed 1K, 6% free 10268K/10887K, paused 38ms
D/dalvikvm( 1803): GC_FOR_ALLOC freed <1K, 6% free 10268K/10887K, paused 32ms
I/dalvikvm-heap( 1803): Grow heap (frag case) to 10.498MB for 345760-byte allocation
V/OtaStartupReceiver( 1788): onReceive: intent action=android.intent.action.BOOT_COMPLETED  mOtaspMode=-1
D/OtaStartupReceiver( 1788): Register our PhoneStateListener
D/dalvikvm( 1803): GC_FOR_ALLOC freed <1K, 6% free 10606K/11271K, paused 20ms
V/OtaStartupReceiver( 1788): resolvInfo = null, provisioned = true, runningSetupWizard = true
W/OtaStartupReceiver( 1788): Network is not ready. Registering to receive notification.
V/OtaStartupReceiver( 1788): onOtaspChanged: mOtaspMode=3
I/ActivityManager( 1590): Start proc com.bel.android.dspmanager for broadcast com.bel.android.dspmanager/.receiver.BootCompletedReceiver: pid=2058 uid=10011 gids={3002}
D/AccountTypeManager( 2027): Registering 1 extension packages
D/dalvikvm( 1803): GC_FOR_ALLOC freed <1K, 6% free 10606K/11271K, paused 53ms
I/dalvikvm-heap( 1803): Grow heap (frag case) to 10.829MB for 345760-byte allocation
D/dalvikvm( 1803): GC_FOR_ALLOC freed <1K, 7% free 10944K/11655K, paused 15ms
I/AccountTypeManager( 2027): Loaded meta-data for 2 account types, 1 accounts in 131ms(wall) 16ms(cpu)
D/dalvikvm( 1662): GC_FOR_ALLOC freed 517K, 7% free 11710K/12551K, paused 59ms
E/DefaultVoicemailNotifier( 2027): No voicemails to notify about: clear the notification.
I/HeadsetService( 2058): Starting service.
W/ActivityManager( 1590): Permission Denial: receiving Intent { act=android.intent.action.BOOT_COMPLETED flg=0x10 } to com.motorola.android.AudioEffectSettings requires android.permission.RECEIVE_BOOT_COMPLETED due to sender null (uid 1000)
I/ActivityManager( 1590): Start proc com.cyanogenmod.stats for broadcast com.cyanogenmod.stats/.ReportingServiceManager: pid=2074 uid=10005 gids={3003}
I/RecoverySystem( 1590): No recovery log file
I/ActivityManager( 1590): Start proc com.android.providers.calendar for broadcast com.android.providers.calendar/.CalendarReceiver: pid=2091 uid=10008 gids={3003, 1015}
D/CMStats ( 2074): BOOT_COMPLETED: Setting checkedin=false
I//system/bin/fsck_msdos( 1416): ** Phase 4 - Checking for Lost Files
D/SystemClock( 1788): Setting time of day to sec=1329239680
D/dalvikvm( 1590): GC_CONCURRENT freed 990K, 9% free 13080K/14343K, paused 12ms+4ms
I//system/bin/fsck_msdos( 1416): 4764 files, 2134128 free (791054 clusters)
I/Vold    ( 1416): Filesystem check completed OK
I/PackageManager( 1590): Updating external media status from unmounted to mounted
W/logwrapper( 2105): Unable to background process (No such file or directory)
I/Vold    ( 1416): Device /dev/block/vold/179:18, target /mnt/sdcard mounted @ /mnt/secure/staging
D/Vold    ( 1416): Volume sdcard state changing 3 (Checking) -> 4 (Mounted)
D/MountService( 1590): volume state changed for /mnt/sdcard (checking -> mounted)
D/VoldCmdListener( 1416): volume mount /mnt/sdcard-ext
I/Vold    ( 1416): /dev/block/vold/179:33 being considered for volume sdcard-ext
D/Vold    ( 1416): Volume sdcard-ext state changing 1 (Idle-Unmounted) -> 3 (Checking)
D/KeyguardStatusView( 1590): lunar : 农历一月廿四
I//system/bin/fsck_msdos( 1416): ** /dev/block/vold/179:33
I//system/bin/fsck_msdos( 1416): ** Phase 1 - Read and Compare FATs
I//system/bin/fsck_msdos( 1416): Attempting to allocate 472 KB for FAT
I/CustomSpnReader( 1788): operatorNumberic = 11100
I/CustomSpnReader( 1788): oriSpnName = null
I/CustomSpnReader( 1788): operatorNumberic = 46003
I/CustomSpnReader( 1788): oriSpnName = awesome club
I/CustomSpnReader( 1788): Current language is : zh
E/CustomSpnReader( 1788): Config File Path : /system/etc/spn-conf.xml
D/MountService( 1590): sendStorageIntent Intent { act=android.intent.action.MEDIA_MOUNTED dat=file:///mnt/sdcard (has extras) }
D/MountService( 1590): volume state changed for /mnt/sdcard-ext (unmounted -> checking)
I/StorageNotification( 1662): Media {/mnt/sdcard} state changed from {checking} -> {mounted} (primary = true)
D/MountService( 1590): sendStorageIntent Intent { act=android.intent.action.MEDIA_CHECKING dat=file:///mnt/sdcard-ext (has extras) }
I/StorageNotification( 1662): Media {/mnt/sdcard-ext} state changed from {unmounted} -> {checking} (primary = false)
I//system/bin/fsck_msdos( 1416): Attempting to allocate 472 KB for FAT
D/dalvikvm( 1788): GC_CONCURRENT freed 388K, 6% free 9624K/10183K, paused 2ms+2ms
I//system/bin/fsck_msdos( 1416): ** Phase 2 - Check Cluster Chains
I//system/bin/fsck_msdos( 1416): ** Phase 3 - Checking Directories
I/CustomSpnReader( 1788): expression : /spnOverrides/spnOverride[@numeric='46003']
I/CustomSpnReader( 1788): expression : /spnOverrides/spnOverride[@numeric='46003']/spn[@locale='zh']
I/CustomSpnReader( 1788): got customSpnName from the locale : 中国电信
D/dalvikvm( 1662): GC_FOR_ALLOC freed 497K, 7% free 11928K/12743K, paused 20ms
I/ActivityThread( 2091): Pub com.android.calendar: com.android.providers.calendar.CalendarProvider2
D/dalvikvm( 1590): GC_EXPLICIT freed 59K, 9% free 13057K/14343K, paused 2ms+4ms
D/AlarmManagerService( 1590): Kernel timezone updated to -480 minutes west of GMT
D/KeyguardStatusView( 1590): lunar : 农历一月廿四
D/AlarmManagerService( 1590): Kernel timezone updated to -480 minutes west of GMT
D/AlarmManagerService( 1590): Kernel timezone updated to -480 minutes west of GMT
D/AlarmManagerService( 1590): Kernel timezone updated to -480 minutes west of GMT
D/AlarmManagerService( 1590): Kernel timezone updated to -480 minutes west of GMT
D/OtaStartupReceiver( 1788): onServiceStateChanged()...  new state = 0 home 中国电信  11100  CDMA-IS95B:5 CSS not supported 0 0 RoamInd=1 DefRoamInd=1 EmergOnly=false
D/OtaStartupReceiver( 1788): call OtaUtils.maybeDoOtaCall after network is available
D/OtaUtils( 1788): phoneNeedsActivation is set to false
D/OtaUtils( 1788): otaShowActivationScreen: 1
D/OtaUtils( 1788): maybeDoOtaCall: voice capable; activation NOT started.
D/dalvikvm( 1803): GC_CONCURRENT freed 229K, 5% free 11237K/11719K, paused 1ms+1ms
I/CustomSpnReader( 1788): operatorNumberic = 46000
I/CustomSpnReader( 1788): oriSpnName = null
I//system/bin/fsck_msdos( 1416): ** Phase 4 - Checking for Lost Files
I//system/bin/fsck_msdos( 1416): 830 files, 2777472 free (86796 clusters)
I/CustomSpnReader( 1788): operatorNumberic = 46003
I/CustomSpnReader( 1788): oriSpnName = awesome club
I/CustomSpnReader( 1788): Current language is : zh
E/CustomSpnReader( 1788): Config File Path : /system/etc/spn-conf.xml
D/dalvikvm( 1788): GC_CONCURRENT freed 492K, 7% free 9607K/10247K, paused 3ms+2ms
I/CustomSpnReader( 1788): expression : /spnOverrides/spnOverride[@numeric='46003']
I/CustomSpnReader( 1788): expression : /spnOverrides/spnOverride[@numeric='46003']/spn[@locale='zh']
I/CustomSpnReader( 1788): got customSpnName from the locale : 中国电信
V/AlarmClock( 1954): AlarmInitReceiver finished
I/Vold    ( 1416): Filesystem check completed OK
I/Vold    ( 1416): Device /dev/block/vold/179:33, target /mnt/sdcard-ext mounted @ /mnt/secure/staging
D/Vold    ( 1416): Volume sdcard-ext state changing 3 (Checking) -> 4 (Mounted)
D/MountService( 1590): volume state changed for /mnt/sdcard-ext (checking -> mounted)
I/ActivityManager( 1590): Start proc com.android.email for broadcast com.android.email/.service.EmailBroadcastReceiver: pid=2114 uid=10016 gids={3003, 1015}
D/MountService( 1590): sendStorageIntent Intent { act=android.intent.action.MEDIA_MOUNTED dat=file:///mnt/sdcard-ext (has extras) }
I/StorageNotification( 1662): Media {/mnt/sdcard-ext} state changed from {checking} -> {mounted} (primary = false)
D/dalvikvm( 1590): GC_EXPLICIT freed 199K, 9% free 13122K/14343K, paused 2ms+6ms
D/VoldCmdListener( 1416): asec list
D/VoldCmdListener( 1416): asec path com.yingyonghui.market-1
D/VoldCmdListener( 1416): asec path com.douban.artist-1
D/VoldCmdListener( 1416): asec path com.douban.radio-1
D/VoldCmdListener( 1416): asec path com.sds.android.ttpod-1
D/VoldCmdListener( 1416): asec path com.sds.android.ttpod.skin.meilixin_91-1
D/VoldCmdListener( 1416): asec path com.adobe.flashplayer-1
D/VoldCmdListener( 1416): asec path com.tencent.mm-1
D/VoldCmdListener( 1416): asec path com.weico-1
D/VoldCmdListener( 1416): asec path com.sds.android.ttpod-2
D/VoldCmdListener( 1416): asec path com.sds.android.ttpod.skin.meilixin_91-2
D/VoldCmdListener( 1416): asec path net.dev123.yibo-1
D/VoldCmdListener( 1416): asec path com.android.myics-2
D/VoldCmdListener( 1416): asec path com.android.TabSlide-2
D/VoldCmdListener( 1416): asec path com.zeptolab.ctr.paid-1
D/VoldCmdListener( 1416): asec path com.android.HelloTabDemo-2
D/VoldCmdListener( 1416): asec path obg1.PhotafPro-1
D/dalvikvm( 1662): GC_FOR_ALLOC freed 1041K, 11% free 11639K/12999K, paused 31ms
W/PackageManager( 1590): Unknown permission com.android.vending.permission.UPDATE_MARKET_FAILURE in package com.android.vending.updater
W/PackageManager( 1590): Not granting permission android.permission.DEVICE_POWER to package com.tencent.qq (protectionLevel=2 flags=0xac44)
W/PackageManager( 1590): Unknown permission com.tencent.permission.QUICK_OPTIMIZE in package com.tencent.qq
W/PackageManager( 1590): Unknown permission com.tencent.permission.VIRUS_SCAN in package com.tencent.qq
W/PackageManager( 1590): Unknown permission android.permission.ADD_SYSTEM_SERVICE in package com.android.phone
W/PackageManager( 1590): Unknown permission com.android.vending.billing.IBillingAccountService.BIND2 in package com.google.android.gsf.login
W/PackageManager( 1590): Not granting permission android.permission.SEND_DOWNLOAD_COMPLETED_INTENTS to package com.android.browser (protectionLevel=2 flags=0x9be45)
W/PackageManager( 1590): Not granting permission android.permission.DEVICE_POWER to package com.tencent.mobileqq (protectionLevel=2 flags=0xbe44)
W/PackageManager( 1590): Unknown permission android.permission.READ_OWNER_DATA in package com.google.android.setupwizard
W/PackageManager( 1590): Unknown permission android.permission.WRITE_OWNER_DATA in package com.google.android.setupwizard
W/PackageManager( 1590): Unknown permission android.permission.READ_EXTERNAL_STORAGE in package com.android.videoeditor
W/PackageManager( 1590): Not granting permission com.google.android.gm.permission.READ_GMAIL to package com.google.android.apps.uploader (protectionLevel=2 flags=0x8be45)
W/PackageManager( 1590): Unknown permission com.google.android.voicesearch.SHORTCUTS_ACCESS in package com.google.android.googlequicksearchbox
I/ActivityThread( 2114): Pub com.android.email.provider;com.android.email.notifier: com.android.email.provider.EmailProvider
W/PackageManager( 1590): Unknown permission android.permission.READ_EXTERNAL_STORAGE in package com.android.vending
W/PackageManager( 1590): Not granting permission android.permission.SEND_DOWNLOAD_COMPLETED_INTENTS to package com.android.vending (protectionLevel=2 flags=0xabe45)
W/PackageManager( 1590): Not granting permission android.permission.ACCOUNT_MANAGER to package com.google.android.music (protectionLevel=2 flags=0x8be65)
W/PackageManager( 1590): Unknown permission com.google.android.voicesearch.AUDIO_FILE_ACCESS in package com.google.android.gm
W/PackageManager( 1590): Unknown permission com.android.providers.im.permission.READ_ONLY in package com.google.android.apps.maps
W/PackageManager( 1590): Not granting permission android.permission.DEVICE_POWER to package com.android.deskclock (protectionLevel=2 flags=0x8be45)
W/PackageManager( 1590): Not granting permission android.permission.DEVICE_POWER to package com.android.facelock (protectionLevel=2 flags=0x8be45)
W/PackageManager( 1590): Unknown permission android.permission.VIBRATION in package com.baidu.input
I/ActivityThread( 2114): Pub com.android.email.attachmentprovider: com.android.email.provider.AttachmentProvider
D/dalvikvm( 1662): GC_CONCURRENT freed 684K, 10% free 11743K/12999K, paused 1ms+3ms
F/NetworkStats( 1590): problem reading network stats
F/NetworkStats( 1590): java.lang.IllegalStateException: problem parsing idx 1
F/NetworkStats( 1590): 	at com.android.internal.net.NetworkStatsFactory.readNetworkStatsDetail(NetworkStatsFactory.java:300)
F/NetworkStats( 1590): 	at com.android.server.NetworkManagementService.getNetworkStatsUidDetail(NetworkManagementService.java:1282)
F/NetworkStats( 1590): 	at com.android.server.net.NetworkStatsService.performPollLocked(NetworkStatsService.java:831)
F/NetworkStats( 1590): 	at com.android.server.net.NetworkStatsService.updateIfacesLocked(NetworkStatsService.java:743)
F/NetworkStats( 1590): 	at com.android.server.net.NetworkStatsService.updateIfaces(NetworkStatsService.java:721)
F/NetworkStats( 1590): 	at com.android.server.net.NetworkStatsService.access$000(NetworkStatsService.java:128)
F/NetworkStats( 1590): 	at com.android.server.net.NetworkStatsService$8.handleMessage(NetworkStatsService.java:1633)
F/NetworkStats( 1590): 	at android.os.Handler.dispatchMessage(Handler.java:95)
F/NetworkStats( 1590): 	at android.os.Looper.loop(Looper.java:137)
F/NetworkStats( 1590): 	at android.os.HandlerThread.run(HandlerThread.java:60)
F/NetworkStats( 1590): Caused by: java.io.FileNotFoundException: /proc/net/xt_qtaguid/stats: open failed: ENOENT (No such file or directory)
F/NetworkStats( 1590): 	at libcore.io.IoBridge.open(IoBridge.java:406)
F/NetworkStats( 1590): 	at java.io.FileInputStream.<init>(FileInputStream.java:78)
F/NetworkStats( 1590): 	at com.android.internal.net.NetworkStatsFactory.readNetworkStatsDetail(NetworkStatsFactory.java:269)
F/NetworkStats( 1590): 	... 9 more
F/NetworkStats( 1590): Caused by: libcore.io.ErrnoException: open failed: ENOENT (No such file or directory)
F/NetworkStats( 1590): 	at libcore.io.Posix.open(Native Method)
F/NetworkStats( 1590): 	at libcore.io.BlockGuardOs.open(BlockGuardOs.java:110)
F/NetworkStats( 1590): 	at libcore.io.IoBridge.open(IoBridge.java:390)
F/NetworkStats( 1590): 	... 11 more
W/PackageManager( 1590): Container obg1.PhotafPro-1 is stale
W/PackageManager( 1590): Container com.tencent.mm-1 is stale
W/PackageManager( 1590): Container net.dev123.yibo-1 is stale
W/PackageManager( 1590): Container com.weico-1 is stale
W/PackageManager( 1590): Container com.sds.android.ttpod-2 is stale
W/PackageManager( 1590): Container com.sds.android.ttpod-1 is stale
W/PackageManager( 1590): Container com.zeptolab.ctr.paid-1 is stale
W/PackageManager( 1590): Container com.android.HelloTabDemo-2 is stale
W/PackageManager( 1590): Container com.adobe.flashplayer-1 is stale
W/PackageManager( 1590): Container com.android.myics-2 is stale
W/PackageManager( 1590): Container com.sds.android.ttpod.skin.meilixin_91-1 is stale
W/PackageManager( 1590): Container com.yingyonghui.market-1 is stale
W/PackageManager( 1590): Container com.sds.android.ttpod.skin.meilixin_91-2 is stale
W/PackageManager( 1590): Container com.douban.radio-1 is stale
W/PackageManager( 1590): Container com.android.TabSlide-2 is stale
W/PackageManager( 1590): Container com.douban.artist-1 is stale
I/ActivityManager( 1590): Start proc com.android.exchange for service com.android.exchange/.ExchangeService: pid=2132 uid=10017 gids={3003, 1015}
D/Tethering( 1590): MasterInitialState.processMessage what=3
D/dalvikvm( 1803): GC_CONCURRENT freed 339K, 5% free 11498K/12103K, paused 2ms+2ms
I/CalendarProvider2( 2091): Sending notification intent: Intent { act=android.intent.action.PROVIDER_CHANGED dat=content://com.android.calendar }
W/ContentResolver( 2091): Failed to get type for: content://com.android.calendar (Unknown URL content://com.android.calendar)
D/GpsLocationProvider( 1590): NTP server returned: 1329239668146 (Wed Feb 15 01:14:28 格林尼治标准时间+0800 2012) reference: 28576 certainty: 26 system time offset: -14122
D/libgps  ( 1590): GpsInterface_inject_time( 1329239668146, 28576, 26 )
I/ActivityThread( 2132): Pub com.android.exchange.directory.provider: com.android.exchange.provider.ExchangeDirectoryProvider
